../Core/Src/main.c:161:5:_write	24	static
../Core/Src/main.c:169:16:has_wav_extension	24	static
../Core/Src/main.c:182:16:pcm_le_signed32	24	static
../Core/Src/main.c:220:17:pcm_to_ccr	104	static
../Core/Src/main.c:241:13:process_pcm	96	static
../Core/Src/main.c:433:15:process_button	16	static
../Core/Src/main.c:470:6:HAL_TIM_PWM_PulseFinishedHalfCpltCallback	16	static
../Core/Src/main.c:479:6:HAL_TIM_PWM_PulseFinishedCallback	16	static
../Core/Src/main.c:486:6:HAL_GPIO_EXTI_Callback	24	static
../Core/Src/main.c:502:5:main	616	static,ignoring_inline_asm
../Core/Src/main.c:833:6:SystemClock_Config	88	static
../Core/Src/main.c:880:13:MX_SPI1_Init	8	static
../Core/Src/main.c:918:13:MX_TIM5_Init	48	static
../Core/Src/main.c:971:13:MX_USART2_UART_Init	8	static
../Core/Src/main.c:1002:13:MX_DMA_Init	16	static
../Core/Src/main.c:1030:13:MX_GPIO_Init	48	static
../Core/Src/main.c:1076:6:Error_Handler	4	static,ignoring_inline_asm
