Archive member included to satisfy reference by file (symbol)

C:/ST/STM32CubeIDE_2.1.1/STM32CubeIDE/plugins/com.st.stm32cube.ide.mcu.externaltools.gnu-tools-for-stm32.14.3.rel1.win32_1.0.100.202602081740/tools/bin/../lib/gcc/arm-none-eabi/14.3.1/../../../../arm-none-eabi/lib/thumb/v7e-m+fp/hard\libc_nano.a(libc_a-atoi.o)
                              ./Core/Src/sd_functions.o (atoi)
C:/ST/STM32CubeIDE_2.1.1/STM32CubeIDE/plugins/com.st.stm32cube.ide.mcu.externaltools.gnu-tools-for-stm32.14.3.rel1.win32_1.0.100.202602081740/tools/bin/../lib/gcc/arm-none-eabi/14.3.1/../../../../arm-none-eabi/lib/thumb/v7e-m+fp/hard\libc_nano.a(libc_a-exit.o)
                              C:/ST/STM32CubeIDE_2.1.1/STM32CubeIDE/plugins/com.st.stm32cube.ide.mcu.externaltools.gnu-tools-for-stm32.14.3.rel1.win32_1.0.100.202602081740/tools/bin/../lib/gcc/arm-none-eabi/14.3.1/../../../../arm-none-eabi/lib/thumb/v7e-m+fp/hard/crt0.o (exit)
C:/ST/STM32CubeIDE_2.1.1/STM32CubeIDE/plugins/com.st.stm32cube.ide.mcu.externaltools.gnu-tools-for-stm32.14.3.rel1.win32_1.0.100.202602081740/tools/bin/../lib/gcc/arm-none-eabi/14.3.1/../../../../arm-none-eabi/lib/thumb/v7e-m+fp/hard\libc_nano.a(libc_a-strtol.o)
                              C:/ST/STM32CubeIDE_2.1.1/STM32CubeIDE/plugins/com.st.stm32cube.ide.mcu.externaltools.gnu-tools-for-stm32.14.3.rel1.win32_1.0.100.202602081740/tools/bin/../lib/gcc/arm-none-eabi/14.3.1/../../../../arm-none-eabi/lib/thumb/v7e-m+fp/hard\libc_nano.a(libc_a-atoi.o) (_strtol_r)
C:/ST/STM32CubeIDE_2.1.1/STM32CubeIDE/plugins/com.st.stm32cube.ide.mcu.externaltools.gnu-tools-for-stm32.14.3.rel1.win32_1.0.100.202602081740/tools/bin/../lib/gcc/arm-none-eabi/14.3.1/../../../../arm-none-eabi/lib/thumb/v7e-m+fp/hard\libc_nano.a(libc_a-ctype_.o)
                              ./Core/Src/main.o (_ctype_)
C:/ST/STM32CubeIDE_2.1.1/STM32CubeIDE/plugins/com.st.stm32cube.ide.mcu.externaltools.gnu-tools-for-stm32.14.3.rel1.win32_1.0.100.202602081740/tools/bin/../lib/gcc/arm-none-eabi/14.3.1/../../../../arm-none-eabi/lib/thumb/v7e-m+fp/hard\libc_nano.a(libc_a-findfp.o)
                              C:/ST/STM32CubeIDE_2.1.1/STM32CubeIDE/plugins/com.st.stm32cube.ide.mcu.externaltools.gnu-tools-for-stm32.14.3.rel1.win32_1.0.100.202602081740/tools/bin/../lib/gcc/arm-none-eabi/14.3.1/../../../../arm-none-eabi/lib/thumb/v7e-m+fp/hard\libc_nano.a(libc_a-exit.o) (__stdio_exit_handler)
C:/ST/STM32CubeIDE_2.1.1/STM32CubeIDE/plugins/com.st.stm32cube.ide.mcu.externaltools.gnu-tools-for-stm32.14.3.rel1.win32_1.0.100.202602081740/tools/bin/../lib/gcc/arm-none-eabi/14.3.1/../../../../arm-none-eabi/lib/thumb/v7e-m+fp/hard\libc_nano.a(libc_a-fwalk.o)
                              C:/ST/STM32CubeIDE_2.1.1/STM32CubeIDE/plugins/com.st.stm32cube.ide.mcu.externaltools.gnu-tools-for-stm32.14.3.rel1.win32_1.0.100.202602081740/tools/bin/../lib/gcc/arm-none-eabi/14.3.1/../../../../arm-none-eabi/lib/thumb/v7e-m+fp/hard\libc_nano.a(libc_a-findfp.o) (_fwalk_sglue)
C:/ST/STM32CubeIDE_2.1.1/STM32CubeIDE/plugins/com.st.stm32cube.ide.mcu.externaltools.gnu-tools-for-stm32.14.3.rel1.win32_1.0.100.202602081740/tools/bin/../lib/gcc/arm-none-eabi/14.3.1/../../../../arm-none-eabi/lib/thumb/v7e-m+fp/hard\libc_nano.a(libc_a-printf.o)
                              ./Core/Src/main.o (printf)
C:/ST/STM32CubeIDE_2.1.1/STM32CubeIDE/plugins/com.st.stm32cube.ide.mcu.externaltools.gnu-tools-for-stm32.14.3.rel1.win32_1.0.100.202602081740/tools/bin/../lib/gcc/arm-none-eabi/14.3.1/../../../../arm-none-eabi/lib/thumb/v7e-m+fp/hard\libc_nano.a(libc_a-puts.o)
                              ./Core/Src/main.o (puts)
C:/ST/STM32CubeIDE_2.1.1/STM32CubeIDE/plugins/com.st.stm32cube.ide.mcu.externaltools.gnu-tools-for-stm32.14.3.rel1.win32_1.0.100.202602081740/tools/bin/../lib/gcc/arm-none-eabi/14.3.1/../../../../arm-none-eabi/lib/thumb/v7e-m+fp/hard\libc_nano.a(libc_a-snprintf.o)
                              ./Core/Src/sd_functions.o (snprintf)
C:/ST/STM32CubeIDE_2.1.1/STM32CubeIDE/plugins/com.st.stm32cube.ide.mcu.externaltools.gnu-tools-for-stm32.14.3.rel1.win32_1.0.100.202602081740/tools/bin/../lib/gcc/arm-none-eabi/14.3.1/../../../../arm-none-eabi/lib/thumb/v7e-m+fp/hard\libc_nano.a(libc_a-stdio.o)
                              C:/ST/STM32CubeIDE_2.1.1/STM32CubeIDE/plugins/com.st.stm32cube.ide.mcu.externaltools.gnu-tools-for-stm32.14.3.rel1.win32_1.0.100.202602081740/tools/bin/../lib/gcc/arm-none-eabi/14.3.1/../../../../arm-none-eabi/lib/thumb/v7e-m+fp/hard\libc_nano.a(libc_a-findfp.o) (__sread)
C:/ST/STM32CubeIDE_2.1.1/STM32CubeIDE/plugins/com.st.stm32cube.ide.mcu.externaltools.gnu-tools-for-stm32.14.3.rel1.win32_1.0.100.202602081740/tools/bin/../lib/gcc/arm-none-eabi/14.3.1/../../../../arm-none-eabi/lib/thumb/v7e-m+fp/hard\libc_nano.a(libc_a-wbuf.o)
[...]
Memory Configuration

Name             Origin             Length             Attributes
RAM              0x20000000         0x00008000         xrw
FLASH            0x08000000         0x00020000         xr
*default*        0x00000000         0xffffffff

Linker script and memory map

LOAD C:/ST/STM32CubeIDE_2.1.1/STM32CubeIDE/plugins/com.st.stm32cube.ide.mcu.externaltools.gnu-tools-for-stm32.14.3.rel1.win32_1.0.100.202602081740/tools/bin/../lib/gcc/arm-none-eabi/14.3.1/thumb/v7e-m+fp/hard/crti.o
LOAD C:/ST/STM32CubeIDE_2.1.1/STM32CubeIDE/plugins/com.st.stm32cube.ide.mcu.externaltools.gnu-tools-for-stm32.14.3.rel1.win32_1.0.100.202602081740/tools/bin/../lib/gcc/arm-none-eabi/14.3.1/thumb/v7e-m+fp/hard/crtbegin.o
LOAD C:/ST/STM32CubeIDE_2.1.1/STM32CubeIDE/plugins/com.st.stm32cube.ide.mcu.externaltools.gnu-tools-for-stm32.14.3.rel1.win32_1.0.100.202602081740/tools/bin/../lib/gcc/arm-none-eabi/14.3.1/../../../../arm-none-eabi/lib/thumb/v7e-m+fp/hard/crt0.o
LOAD ./Core/Src/main.o
LOAD ./Core/Src/sd_diskio_spi.o
LOAD ./Core/Src/sd_functions.o
LOAD ./Core/Src/sd_spi.o
LOAD ./Core/Src/sd_wav.o
LOAD ./Core/Src/stm32f4xx_hal_msp.o
LOAD ./Core/Src/stm32f4xx_it.o
LOAD ./Core/Src/syscalls.o
LOAD ./Core/Src/sysmem.o
LOAD ./Core/Src/system_stm32f4xx.o
LOAD ./Core/Startup/startup_stm32f410rbtx.o
LOAD ./Drivers/STM32F4xx_HAL_Driver/Src/stm32f4xx_hal.o
LOAD ./Drivers/STM32F4xx_HAL_Driver/Src/stm32f4xx_hal_cortex.o
LOAD ./Drivers/STM32F4xx_HAL_Driver/Src/stm32f4xx_hal_dma.o
LOAD ./Drivers/STM32F4xx_HAL_Driver/Src/stm32f4xx_hal_dma_ex.o
LOAD ./Drivers/STM32F4xx_HAL_Driver/Src/stm32f4xx_hal_exti.o
LOAD ./Drivers/STM32F4xx_HAL_Driver/Src/stm32f4xx_hal_flash.o
LOAD ./Drivers/STM32F4xx_HAL_Driver/Src/stm32f4xx_hal_flash_ex.o
LOAD ./Drivers/STM32F4xx_HAL_Driver/Src/stm32f4xx_hal_flash_ramfunc.o
LOAD ./Drivers/STM32F4xx_HAL_Driver/Src/stm32f4xx_hal_gpio.o
LOAD ./Drivers/STM32F4xx_HAL_Driver/Src/stm32f4xx_hal_pwr.o
LOAD ./Drivers/STM32F4xx_HAL_Driver/Src/stm32f4xx_hal_pwr_ex.o
LOAD ./Drivers/STM32F4xx_HAL_Driver/Src/stm32f4xx_hal_rcc.o
LOAD ./Drivers/STM32F4xx_HAL_Driver/Src/stm32f4xx_hal_rcc_ex.o
LOAD ./Drivers/STM32F4xx_HAL_Driver/Src/stm32f4xx_hal_spi.o
LOAD ./Drivers/STM32F4xx_HAL_Driver/Src/stm32f4xx_hal_tim.o
LOAD ./Drivers/STM32F4xx_HAL_Driver/Src/stm32f4xx_hal_tim_ex.o
LOAD ./Drivers/STM32F4xx_HAL_Driver/Src/stm32f4xx_hal_uart.o
LOAD ./FATFS/App/fatfs.o
LOAD ./FATFS/Target/user_diskio.o
LOAD ./Middlewares/Third_Party/FatFs/src/diskio.o
LOAD ./Middlewares/Third_Party/FatFs/src/ff.o
LOAD ./Middlewares/Third_Party/FatFs/src/ff_gen_drv.o
LOAD ./Middlewares/Third_Party/FatFs/src/option/ccsbcs.o
LOAD ./Middlewares/Third_Party/FatFs/src/option/syscall.o
START GROUP
LOAD C:/ST/STM32CubeIDE_2.1.1/STM32CubeIDE/plugins/com.st.stm32cube.ide.mcu.externaltools.gnu-tools-for-stm32.14.3.rel1.win32_1.0.100.202602081740/tools/bin/../lib/gcc/arm-none-eabi/14.3.1/../../../../arm-none-eabi/lib/thumb/v7e-m+fp/hard\libc_nano.a
LOAD C:/ST/STM32CubeIDE_2.1.1/STM32CubeIDE/plugins/com.st.stm32cube.ide.mcu.externaltools.gnu-tools-for-stm32.14.3.rel1.win32_1.0.100.202602081740/tools/bin/../lib/gcc/arm-none-eabi/14.3.1/../../../../arm-none-eabi/lib/thumb/v7e-m+fp/hard\libm.a
END GROUP
START GROUP
LOAD C:/ST/STM32CubeIDE_2.1.1/STM32CubeIDE/plugins/com.st.stm32cube.ide.mcu.externaltools.gnu-tools-for-stm32.14.3.rel1.win32_1.0.100.202602081740/tools/bin/../lib/gcc/arm-none-eabi/14.3.1/thumb/v7e-m+fp/hard\libgcc.a
LOAD C:/ST/STM32CubeIDE_2.1.1/STM32CubeIDE/plugins/com.st.stm32cube.ide.mcu.externaltools.gnu-tools-for-stm32.14.3.rel1.win32_1.0.100.202602081740/tools/bin/../lib/gcc/arm-none-eabi/14.3.1/../../../../arm-none-eabi/lib/thumb/v7e-m+fp/hard\libc_nano.a
END GROUP
START GROUP
LOAD C:/ST/STM32CubeIDE_2.1.1/STM32CubeIDE/plugins/com.st.stm32cube.ide.mcu.externaltools.gnu-tools-for-stm32.14.3.rel1.win32_1.0.100.202602081740/tools/bin/../lib/gcc/arm-none-eabi/14.3.1/thumb/v7e-m+fp/hard\libgcc.a
LOAD C:/ST/STM32CubeIDE_2.1.1/STM32CubeIDE/plugins/com.st.stm32cube.ide.mcu.externaltools.gnu-tools-for-stm32.14.3.rel1.win32_1.0.100.202602081740/tools/bin/../lib/gcc/arm-none-eabi/14.3.1/../../../../arm-none-eabi/lib/thumb/v7e-m+fp/hard\libc_nano.a
LOAD C:/ST/STM32CubeIDE_2.1.1/STM32CubeIDE/plugins/com.st.stm32cube.ide.mcu.externaltools.gnu-tools-for-stm32.14.3.rel1.win32_1.0.100.202602081740/tools/bin/../lib/gcc/arm-none-eabi/14.3.1/../../../../arm-none-eabi/lib/thumb/v7e-m+fp/hard\libnosys.a
END GROUP
START GROUP
LOAD C:/ST/STM32CubeIDE_2.1.1/STM32CubeIDE/plugins/com.st.stm32cube.ide.mcu.externaltools.gnu-tools-for-stm32.14.3.rel1.win32_1.0.100.202602081740/tools/bin/../lib/gcc/arm-none-eabi/14.3.1/thumb/v7e-m+fp/hard\libgcc.a
LOAD C:/ST/STM32CubeIDE_2.1.1/STM32CubeIDE/plugins/com.st.stm32cube.ide.mcu.externaltools.gnu-tools-for-stm32.14.3.rel1.win32_1.0.100.202602081740/tools/bin/../lib/gcc/arm-none-eabi/14.3.1/../../../../arm-none-eabi/lib/thumb/v7e-m+fp/hard\libc_nano.a
LOAD C:/ST/STM32CubeIDE_2.1.1/STM32CubeIDE/plugins/com.st.stm32cube.ide.mcu.externaltools.gnu-tools-for-stm32.14.3.rel1.win32_1.0.100.202602081740/tools/bin/../lib/gcc/arm-none-eabi/14.3.1/../../../../arm-none-eabi/lib/thumb/v7e-m+fp/hard\libnosys.a
END GROUP
LOAD C:/ST/STM32CubeIDE_2.1.1/STM32CubeIDE/plugins/com.st.stm32cube.ide.mcu.externaltools.gnu-tools-for-stm32.14.3.rel1.win32_1.0.100.202602081740/tools/bin/../lib/gcc/arm-none-eabi/14.3.1/thumb/v7e-m+fp/hard/crtend.o
LOAD C:/ST/STM32CubeIDE_2.1.1/STM32CubeIDE/plugins/com.st.stm32cube.ide.mcu.externaltools.gnu-tools-for-stm32.14.3.rel1.win32_1.0.100.202602081740/tools/bin/../lib/gcc/arm-none-eabi/14.3.1/thumb/v7e-m+fp/hard/crtn.o
                0x20008000                        _estack = (ORIGIN (RAM) + LENGTH (RAM))
                0x00000200                        _Min_Heap_Size = 0x200
                0x00000400                        _Min_Stack_Size = 0x400

.isr_vector     0x08000000      0x1c8
                0x08000000                        . = ALIGN (0x4)
 *(.isr_vector)
 .isr_vector    0x08000000      0x1c8 ./Core/Startup/startup_stm32f410rbtx.o
                0x08000000                g_pfnVectors
                0x080001c8                        . = ALIGN (0x4)

.text           0x080001d0     0xab04
                0x080001d0                        . = ALIGN (0x4)
 *(.text)
 .text          0x080001d0       0x40 C:/ST/STM32CubeIDE_2.1.1/STM32CubeIDE/plugins/com.st.stm32cube.ide.mcu.externaltools.gnu-tools-for-stm32.14.3.rel1.win32_1.0.100.202602081740/tools/bin/../lib/gcc/arm-none-eabi/14.3.1/thumb/v7e-m+fp/hard/crtbegin.o
 .text          0x08000210       0xa0 C:/ST/STM32CubeIDE_2.1.1/STM32CubeIDE/plugins/com.st.stm32cube.ide.mcu.externaltools.gnu-tools-for-stm32.14.3.rel1.win32_1.0.100.202602081740/tools/bin/../lib/gcc/arm-none-eabi/14.3.1/../../../../arm-none-eabi/lib/thumb/v7e-m+fp/hard\libc_nano.a(libc_a-memchr.o)
                0x08000210                memchr
 .text          0x080002b0       0xa0 C:/ST/STM32CubeIDE_2.1.1/STM32CubeIDE/plugins/com.st.stm32cube.ide.mcu.externaltools.gnu-tools-for-stm32.14.3.rel1.win32_1.0.100.202602081740/tools/bin/../lib/gcc/arm-none-eabi/14.3.1/thumb/v7e-m+fp/hard\libgcc.a(_aeabi_ldivmod.o)
                0x080002b0                __aeabi_ldivmod
 .text          0x08000350       0x30 C:/ST/STM32CubeIDE_2.1.1/STM32CubeIDE/plugins/com.st.stm32cube.ide.mcu.externaltools.gnu-tools-for-stm32.14.3.rel1.win32_1.0.100.202602081740/tools/bin/../lib/gcc/arm-none-eabi/14.3.1/thumb/v7e-m+fp/hard\libgcc.a(_aeabi_uldivmod.o)
                0x08000350                __aeabi_uldivmod
 .text          0x08000380      0x2f8 C:/ST/STM32CubeIDE_2.1.1/STM32CubeIDE/plugins/com.st.stm32cube.ide.mcu.externaltools.gnu-tools-for-stm32.14.3.rel1.win32_1.0.100.202602081740/tools/bin/../lib/gcc/arm-none-eabi/14.3.1/thumb/v7e-m+fp/hard\libgcc.a(_udivmoddi4.o)
                0x08000380                __udivmoddi4
 .text          0x08000678        0x4 C:/ST/STM32CubeIDE_2.1.1/STM32CubeIDE/plugins/com.st.stm32cube.ide.mcu.externaltools.gnu-tools-for-stm32.14.3.rel1.win32_1.0.100.202602081740/tools/bin/../lib/gcc/arm-none-eabi/14.3.1/thumb/v7e-m+fp/hard\libgcc.a(_dvmd_tls.o)
                0x08000678                __aeabi_idiv0
                0x08000678                __aeabi_ldiv0
 *(.text*)
 .text._write   0x0800067c       0x38 ./Core/Src/main.o
                0x0800067c                _write
 .text.has_wav_extension
                0x080006b4       0xac ./Core/Src/main.o
 .text.pcm_le_signed32
                0x08000760       0x76 ./Core/Src/main.o
 .text.pcm_to_ccr
                0x080007d6       0xa0 ./Core/Src/main.o
 *fill*         0x08000876        0x2 
 .text.process_pcm
                0x08000878      0x4d0 ./Core/Src/main.o
 .text.HAL_TIM_PWM_PulseFinishedHalfCpltCallback
                0x08000d48       0x34 ./Core/Src/main.o
                0x08000d48                HAL_TIM_PWM_PulseFinishedHalfCpltCallback
 .text.HAL_TIM_PWM_PulseFinishedCallback
                0x08000d7c       0x34 ./Core/Src/main.o
                0x08000d7c                HAL_TIM_PWM_PulseFinishedCallback
 .text.main     0x08000db0      0x69c ./Core/Src/main.o
                0x08000db0                main
 .text.SystemClock_Config
                0x0800144c       0xd4 ./Core/Src/main.o
                0x0800144c                SystemClock_Config
 .text.MX_SPI1_Init
                0x08001520       0x6c ./Core/Src/main.o
 .text.MX_TIM5_Init
                0x0800158c       0xc8 ./Core/Src/main.o
 .text.MX_USART2_UART_Init
                0x08001654       0x54 ./Core/Src/main.o
 .text.MX_DMA_Init
                0x080016a8       0x8c ./Core/Src/main.o
 .text.MX_GPIO_Init
                0x08001734       0xa0 ./Core/Src/main.o
 .text.Error_Handler
                0x080017d4        0xc ./Core/Src/main.o
                0x080017d4                Error_Handler
 .text.SD_disk_status
                0x080017e0       0x22 ./Core/Src/sd_diskio_spi.o
                0x080017e0                SD_disk_status
 .text.SD_disk_initialize
                0x08001802       0x2c ./Core/Src/sd_diskio_spi.o
                0x08001802                SD_disk_initialize
 *fill*         0x0800182e        0x2 
 .text.SD_disk_read
                0x08001830       0x50 ./Core/Src/sd_diskio_spi.o
                0x08001830                SD_disk_read
 .text.SD_disk_write
                0x08001880       0x50 ./Core/Src/sd_diskio_spi.o
                0x08001880                SD_disk_write
 .text.SD_disk_ioctl
                0x080018d0       0x6c ./Core/Src/sd_diskio_spi.o
                0x080018d0                SD_disk_ioctl
 .text.sd_get_space_kb
                0x0800193c       0x68 ./Core/Src/sd_functions.o
                0x0800193c                sd_get_space_kb
 .text.sd_mount
                0x080019a4       0xe8 ./Core/Src/sd_functions.o
                0x080019a4                sd_mount
 .text.HAL_SPI_TxCpltCallback
                0x08001a8c       0x2c ./Core/Src/sd_spi.o
                0x08001a8c                HAL_SPI_TxCpltCallback
 .text.HAL_SPI_TxRxCpltCallback
                0x08001ab8       0x2c ./Core/Src/sd_spi.o
                0x08001ab8                HAL_SPI_TxRxCpltCallback
 .text.SD_TransmitByte
                0x08001ae4       0x24 ./Core/Src/sd_spi.o
 .text.SD_ReceiveByte
                0x08001b08       0x30 ./Core/Src/sd_spi.o
 .text.SD_TransmitBuffer
                0x08001b38       0x3c ./Core/Src/sd_spi.o
 .text.SD_ReceiveBuffer
                0x08001b74       0x5c ./Core/Src/sd_spi.o
 .text.SD_WaitReady
                0x08001bd0       0x3a ./Core/Src/sd_spi.o
 .text.SD_SendCommand
                0x08001c0a       0x82 ./Core/Src/sd_spi.o
 .text.sd_is_sdhc
                0x08001c8c       0x18 ./Core/Src/sd_spi.o
                0x08001c8c                sd_is_sdhc
 .text.SD_SPI_Init
                0x08001ca4      0x1e4 ./Core/Src/sd_spi.o
                0x08001ca4                SD_SPI_Init
 .text.SD_ReadBlocks
                0x08001e88       0xd0 ./Core/Src/sd_spi.o
                0x08001e88                SD_ReadBlocks
 .text.SD_ReadMultiBlocks
                0x08001f58       0xd8 ./Core/Src/sd_spi.o
                0x08001f58                SD_ReadMultiBlocks
 .text.SD_WriteBlocks
                0x08002030       0xcc ./Core/Src/sd_spi.o
                0x08002030                SD_WriteBlocks
 .text.SD_WriteMultiBlocks
                0x080020fc       0xdc ./Core/Src/sd_spi.o
                0x080020fc                SD_WriteMultiBlocks
 .text.sd_wav_init
                0x080021d8      0x118 ./Core/Src/sd_wav.o
                0x080021d8                sd_wav_init
 .text.sd_wav_read
                0x080022f0      0x114 ./Core/Src/sd_wav.o
                0x080022f0                sd_wav_read
 .text.HAL_MspInit
                0x08002404       0x50 ./Core/Src/stm32f4xx_hal_msp.o
                0x08002404                HAL_MspInit
 .text.HAL_SPI_MspInit
                0x08002454      0x158 ./Core/Src/stm32f4xx_hal_msp.o
                0x08002454                HAL_SPI_MspInit
 .text.HAL_TIM_PWM_MspInit
                0x080025ac      0x114 ./Core/Src/stm32f4xx_hal_msp.o
                0x080025ac                HAL_TIM_PWM_MspInit
 .text.HAL_TIM_MspPostInit
                0x080026c0       0x74 ./Core/Src/stm32f4xx_hal_msp.o
                0x080026c0                HAL_TIM_MspPostInit
 .text.HAL_UART_MspInit
                0x08002734       0x90 ./Core/Src/stm32f4xx_hal_msp.o
                0x08002734                HAL_UART_MspInit
 .text.NMI_Handler
                0x080027c4        0x8 ./Core/Src/stm32f4xx_it.o
                0x080027c4                NMI_Handler
 .text.HardFault_Handler
                0x080027cc        0x8 ./Core/Src/stm32f4xx_it.o
                0x080027cc                HardFault_Handler
 .text.MemManage_Handler
                0x080027d4        0x8 ./Core/Src/stm32f4xx_it.o
                0x080027d4                MemManage_Handler
 .text.BusFault_Handler
                0x080027dc        0x8 ./Core/Src/stm32f4xx_it.o
                0x080027dc                BusFault_Handler
 .text.UsageFault_Handler
                0x080027e4        0x8 ./Core/Src/stm32f4xx_it.o
                0x080027e4                UsageFault_Handler
 .text.SVC_Handler
                0x080027ec        0xe ./Core/Src/stm32f4xx_it.o
                0x080027ec                SVC_Handler
 .text.DebugMon_Handler
                0x080027fa        0xe ./Core/Src/stm32f4xx_it.o
                0x080027fa                DebugMon_Handler
 .text.PendSV_Handler
                0x08002808        0xe ./Core/Src/stm32f4xx_it.o
                0x08002808                PendSV_Handler
 .text.SysTick_Handler
                0x08002816        0xc ./Core/Src/stm32f4xx_it.o
                0x08002816                SysTick_Handler
 *fill*         0x08002822        0x2 
 .text.DMA1_Stream2_IRQHandler
                0x08002824       0x14 ./Core/Src/stm32f4xx_it.o
                0x08002824                DMA1_Stream2_IRQHandler
 .text.DMA1_Stream4_IRQHandler
                0x08002838       0x14 ./Core/Src/stm32f4xx_it.o
                0x08002838                DMA1_Stream4_IRQHandler
 .text.DMA2_Stream2_IRQHandler
                0x0800284c       0x14 ./Core/Src/stm32f4xx_it.o
                0x0800284c                DMA2_Stream2_IRQHandler
 .text.DMA2_Stream3_IRQHandler
                0x08002860       0x14 ./Core/Src/stm32f4xx_it.o
                0x08002860                DMA2_Stream3_IRQHandler
 .text._read    0x08002874       0x3a ./Core/Src/syscalls.o
                0x08002874                _read
 .text._close   0x080028ae       0x18 ./Core/Src/syscalls.o
                0x080028ae                _close
 .text._fstat   0x080028c6       0x20 ./Core/Src/syscalls.o
                0x080028c6                _fstat
 .text._isatty  0x080028e6       0x16 ./Core/Src/syscalls.o
                0x080028e6                _isatty
 .text._lseek   0x080028fc       0x1a ./Core/Src/syscalls.o
                0x080028fc                _lseek
 *fill*         0x08002916        0x2 
 .text._sbrk    0x08002918       0x6c ./Core/Src/sysmem.o
                0x08002918                _sbrk
 .text.SystemInit
                0x08002984       0x24 ./Core/Src/system_stm32f4xx.o
                0x08002984                SystemInit
 .text.Reset_Handler
                0x080029a8       0x50 ./Core/Startup/startup_stm32f410rbtx.o
                0x080029a8                Reset_Handler
 .text.Default_Handler
                0x080029f8        0x2 ./Core/Startup/startup_stm32f410rbtx.o
                0x080029f8                RTC_Alarm_IRQHandler
                0x080029f8                EXTI2_IRQHandler
                0x080029f8                FMPI2C1_EV_IRQHandler
                0x080029f8                TIM1_CC_IRQHandler
                0x080029f8                DMA2_Stream5_IRQHandler
                0x080029f8                DMA1_Stream5_IRQHandler
                0x080029f8                PVD_IRQHandler
                0x080029f8                TAMP_STAMP_IRQHandler
                0x080029f8                EXTI3_IRQHandler
                0x080029f8                EXTI0_IRQHandler
                0x080029f8                I2C2_EV_IRQHandler
                0x080029f8                FPU_IRQHandler
                0x080029f8                SPI1_IRQHandler
                0x080029f8                TIM6_DAC_IRQHandler
                0x080029f8                TIM1_BRK_TIM9_IRQHandler
                0x080029f8                USART6_IRQHandler
                0x080029f8                DMA2_Stream0_IRQHandler
                0x080029f8                I2C1_EV_IRQHandler
                0x080029f8                DMA1_Stream6_IRQHandler
                0x080029f8                DMA1_Stream1_IRQHandler
                0x080029f8                RCC_IRQHandler
                0x080029f8                Default_Handler
                0x080029f8                EXTI15_10_IRQHandler
                0x080029f8                ADC_IRQHandler
                0x080029f8                DMA1_Stream7_IRQHandler
                0x080029f8                SPI5_IRQHandler
                0x080029f8                TIM5_IRQHandler
                0x080029f8                DMA2_Stream7_IRQHandler
                0x080029f8                EXTI9_5_IRQHandler
                0x080029f8                RTC_WKUP_IRQHandler
                0x080029f8                SPI2_IRQHandler
                0x080029f8                DMA1_Stream0_IRQHandler
                0x080029f8                FMPI2C1_ER_IRQHandler
                0x080029f8                EXTI4_IRQHandler
                0x080029f8                RNG_IRQHandler
                0x080029f8                TIM1_UP_IRQHandler
                0x080029f8                WWDG_IRQHandler
                0x080029f8                TIM1_TRG_COM_TIM11_IRQHandler
                0x080029f8                EXTI1_IRQHandler
                0x080029f8                USART2_IRQHandler
                0x080029f8                I2C2_ER_IRQHandler
                0x080029f8                DMA2_Stream1_IRQHandler
                0x080029f8                FLASH_IRQHandler
                0x080029f8                DMA2_Stream4_IRQHandler
                0x080029f8                USART1_IRQHandler
                0x080029f8                I2C1_ER_IRQHandler
                0x080029f8                LPTIM1_IRQHandler
                0x080029f8                DMA2_Stream6_IRQHandler
                0x080029f8                DMA1_Stream3_IRQHandler
 *fill*         0x080029fa        0x2 
 .text.HAL_Init
                0x080029fc       0x44 ./Drivers/STM32F4xx_HAL_Driver/Src/stm32f4xx_hal.o
                0x080029fc                HAL_Init
 .text.HAL_InitTick
                0x08002a40       0x60 ./Drivers/STM32F4xx_HAL_Driver/Src/stm32f4xx_hal.o
                0x08002a40                HAL_InitTick
 .text.HAL_IncTick
                0x08002aa0       0x28 ./Drivers/STM32F4xx_HAL_Driver/Src/stm32f4xx_hal.o
                0x08002aa0                HAL_IncTick
 .text.HAL_GetTick
                0x08002ac8       0x18 ./Drivers/STM32F4xx_HAL_Driver/Src/stm32f4xx_hal.o
                0x08002ac8                HAL_GetTick
 .text.__NVIC_SetPriorityGrouping
                0x08002ae0       0x48 ./Drivers/STM32F4xx_HAL_Driver/Src/stm32f4xx_hal_cortex.o
 .text.__NVIC_GetPriorityGrouping
                0x08002b28       0x1c ./Drivers/STM32F4xx_HAL_Driver/Src/stm32f4xx_hal_cortex.o
 .text.__NVIC_EnableIRQ
                0x08002b44       0x3c ./Drivers/STM32F4xx_HAL_Driver/Src/stm32f4xx_hal_cortex.o
 .text.__NVIC_SetPriority
                0x08002b80       0x54 ./Drivers/STM32F4xx_HAL_Driver/Src/stm32f4xx_hal_cortex.o
 .text.NVIC_EncodePriority
                0x08002bd4       0x66 ./Drivers/STM32F4xx_HAL_Driver/Src/stm32f4xx_hal_cortex.o
 *fill*         0x08002c3a        0x2 
 .text.SysTick_Config
                0x08002c3c       0x44 ./Drivers/STM32F4xx_HAL_Driver/Src/stm32f4xx_hal_cortex.o
 .text.HAL_NVIC_SetPriorityGrouping
                0x08002c80       0x16 ./Drivers/STM32F4xx_HAL_Driver/Src/stm32f4xx_hal_cortex.o
                0x08002c80                HAL_NVIC_SetPriorityGrouping
 .text.HAL_NVIC_SetPriority
                0x08002c96       0x38 ./Drivers/STM32F4xx_HAL_Driver/Src/stm32f4xx_hal_cortex.o
                0x08002c96                HAL_NVIC_SetPriority
 .text.HAL_NVIC_EnableIRQ
                0x08002cce       0x1c ./Drivers/STM32F4xx_HAL_Driver/Src/stm32f4xx_hal_cortex.o
                0x08002cce                HAL_NVIC_EnableIRQ
 .text.HAL_SYSTICK_Config
                0x08002cea       0x18 ./Drivers/STM32F4xx_HAL_Driver/Src/stm32f4xx_hal_cortex.o
                0x08002cea                HAL_SYSTICK_Config
 *fill*         0x08002d02        0x2 
 .text.HAL_DMA_Init
                0x08002d04      0x15c ./Drivers/STM32F4xx_HAL_Driver/Src/stm32f4xx_hal_dma.o
                0x08002d04                HAL_DMA_Init
 .text.HAL_DMA_Start_IT
                0x08002e60       0xb0 ./Drivers/STM32F4xx_HAL_Driver/Src/stm32f4xx_hal_dma.o
                0x08002e60                HAL_DMA_Start_IT
 .text.HAL_DMA_Abort_IT
                0x08002f10       0x44 ./Drivers/STM32F4xx_HAL_Driver/Src/stm32f4xx_hal_dma.o
                0x08002f10                HAL_DMA_Abort_IT
 .text.HAL_DMA_IRQHandler
                0x08002f54      0x314 ./Drivers/STM32F4xx_HAL_Driver/Src/stm32f4xx_hal_dma.o
                0x08002f54                HAL_DMA_IRQHandler
 .text.DMA_SetConfig
                0x08003268       0x5c ./Drivers/STM32F4xx_HAL_Driver/Src/stm32f4xx_hal_dma.o
 .text.DMA_CalcBaseAndBitshift
                0x080032c4       0x6c ./Drivers/STM32F4xx_HAL_Driver/Src/stm32f4xx_hal_dma.o
 .text.DMA_CheckFifoParam
                0x08003330       0xf8 ./Drivers/STM32F4xx_HAL_Driver/Src/stm32f4xx_hal_dma.o
 .text.HAL_GPIO_Init
                0x08003428      0x2e8 ./Drivers/STM32F4xx_HAL_Driver/Src/stm32f4xx_hal_gpio.o
                0x08003428                HAL_GPIO_Init
 .text.HAL_GPIO_WritePin
                0x08003710       0x32 ./Drivers/STM32F4xx_HAL_Driver/Src/stm32f4xx_hal_gpio.o
                0x08003710                HAL_GPIO_WritePin
 *fill*         0x08003742        0x2 
 .text.HAL_RCC_ClockConfig
                0x08003744      0x1cc ./Drivers/STM32F4xx_HAL_Driver/Src/stm32f4xx_hal_rcc.o
                0x08003744                HAL_RCC_ClockConfig
 .text.HAL_RCC_GetSysClockFreq
                0x08003910      0x20c ./Drivers/STM32F4xx_HAL_Driver/Src/stm32f4xx_hal_rcc.o
                0x08003910                HAL_RCC_GetSysClockFreq
 .text.HAL_RCC_GetHCLKFreq
                0x08003b1c       0x18 ./Drivers/STM32F4xx_HAL_Driver/Src/stm32f4xx_hal_rcc.o
                0x08003b1c                HAL_RCC_GetHCLKFreq
 .text.HAL_RCC_GetPCLK1Freq
                0x08003b34       0x28 ./Drivers/STM32F4xx_HAL_Driver/Src/stm32f4xx_hal_rcc.o
                0x08003b34                HAL_RCC_GetPCLK1Freq
 .text.HAL_RCC_GetPCLK2Freq
                0x08003b5c       0x28 ./Drivers/STM32F4xx_HAL_Driver/Src/stm32f4xx_hal_rcc.o
                0x08003b5c                HAL_RCC_GetPCLK2Freq
 .text.HAL_RCC_OscConfig
                0x08003b84      0x508 ./Drivers/STM32F4xx_HAL_Driver/Src/stm32f4xx_hal_rcc_ex.o
                0x08003b84                HAL_RCC_OscConfig
 .text.HAL_SPI_Init
                0x0800408c      0x112 ./Drivers/STM32F4xx_HAL_Driver/Src/stm32f4xx_hal_spi.o
                0x0800408c                HAL_SPI_Init
 .text.HAL_SPI_Transmit
                0x0800419e      0x288 ./Drivers/STM32F4xx_HAL_Driver/Src/stm32f4xx_hal_spi.o
                0x0800419e                HAL_SPI_Transmit
 .text.HAL_SPI_TransmitReceive
                0x08004426      0x352 ./Drivers/STM32F4xx_HAL_Driver/Src/stm32f4xx_hal_spi.o
                0x08004426                HAL_SPI_TransmitReceive
 .text.HAL_SPI_Transmit_DMA
                0x08004778      0x164 ./Drivers/STM32F4xx_HAL_Driver/Src/stm32f4xx_hal_spi.o
                0x08004778                HAL_SPI_Transmit_DMA
 .text.HAL_SPI_TransmitReceive_DMA
                0x080048dc      0x1f8 ./Drivers/STM32F4xx_HAL_Driver/Src/stm32f4xx_hal_spi.o
                0x080048dc                HAL_SPI_TransmitReceive_DMA
 .text.HAL_SPI_RxCpltCallback
                0x08004ad4       0x14 ./Drivers/STM32F4xx_HAL_Driver/Src/stm32f4xx_hal_spi.o
                0x08004ad4                HAL_SPI_RxCpltCallback
 .text.HAL_SPI_TxHalfCpltCallback
                0x08004ae8       0x14 ./Drivers/STM32F4xx_HAL_Driver/Src/stm32f4xx_hal_spi.o
                0x08004ae8                HAL_SPI_TxHalfCpltCallback
 .text.HAL_SPI_RxHalfCpltCallback
                0x08004afc       0x14 ./Drivers/STM32F4xx_HAL_Driver/Src/stm32f4xx_hal_spi.o
                0x08004afc                HAL_SPI_RxHalfCpltCallback
 .text.HAL_SPI_TxRxHalfCpltCallback
                0x08004b10       0x14 ./Drivers/STM32F4xx_HAL_Driver/Src/stm32f4xx_hal_spi.o
                0x08004b10                HAL_SPI_TxRxHalfCpltCallback
 .text.HAL_SPI_ErrorCallback
                0x08004b24       0x14 ./Drivers/STM32F4xx_HAL_Driver/Src/stm32f4xx_hal_spi.o
                0x08004b24                HAL_SPI_ErrorCallback
 .text.SPI_DMATransmitCplt
                0x08004b38       0xa8 ./Drivers/STM32F4xx_HAL_Driver/Src/stm32f4xx_hal_spi.o
 .text.SPI_DMAReceiveCplt
                0x08004be0       0xa8 ./Drivers/STM32F4xx_HAL_Driver/Src/stm32f4xx_hal_spi.o
 .text.SPI_DMATransmitReceiveCplt
                0x08004c88       0x90 ./Drivers/STM32F4xx_HAL_Driver/Src/stm32f4xx_hal_spi.o
 .text.SPI_DMAHalfTransmitCplt
                0x08004d18       0x1c ./Drivers/STM32F4xx_HAL_Driver/Src/stm32f4xx_hal_spi.o
 .text.SPI_DMAHalfReceiveCplt
                0x08004d34       0x1c ./Drivers/STM32F4xx_HAL_Driver/Src/stm32f4xx_hal_spi.o
 .text.SPI_DMAHalfTransmitReceiveCplt
                0x08004d50       0x1c ./Drivers/STM32F4xx_HAL_Driver/Src/stm32f4xx_hal_spi.o
 .text.SPI_DMAError
                0x08004d6c       0x40 ./Drivers/STM32F4xx_HAL_Driver/Src/stm32f4xx_hal_spi.o
 .text.SPI_WaitFlagStateUntilTimeout
                0x08004dac      0x110 ./Drivers/STM32F4xx_HAL_Driver/Src/stm32f4xx_hal_spi.o
 .text.SPI_EndRxTransaction
                0x08004ebc       0xca ./Drivers/STM32F4xx_HAL_Driver/Src/stm32f4xx_hal_spi.o
 *fill*         0x08004f86        0x2 
 .text.SPI_EndRxTxTransaction
                0x08004f88       0xa8 ./Drivers/STM32F4xx_HAL_Driver/Src/stm32f4xx_hal_spi.o
 .text.HAL_TIM_PWM_Init
                0x08005030       0x9e ./Drivers/STM32F4xx_HAL_Driver/Src/stm32f4xx_hal_tim.o
                0x08005030                HAL_TIM_PWM_Init
 *fill*         0x080050ce        0x2 
 .text.HAL_TIM_PWM_Start_DMA
                0x080050d0      0x338 ./Drivers/STM32F4xx_HAL_Driver/Src/stm32f4xx_hal_tim.o
                0x080050d0                HAL_TIM_PWM_Start_DMA
 .text.HAL_TIM_PWM_Stop_DMA
                0x08005408      0x18c ./Drivers/STM32F4xx_HAL_Driver/Src/stm32f4xx_hal_tim.o
                0x08005408                HAL_TIM_PWM_Stop_DMA
 .text.HAL_TIM_PWM_ConfigChannel
                0x08005594      0x184 ./Drivers/STM32F4xx_HAL_Driver/Src/stm32f4xx_hal_tim.o
                0x08005594                HAL_TIM_PWM_ConfigChannel
 .text.HAL_TIM_ErrorCallback
                0x08005718       0x14 ./Drivers/STM32F4xx_HAL_Driver/Src/stm32f4xx_hal_tim.o
                0x08005718                HAL_TIM_ErrorCallback
 .text.TIM_DMAError
                0x0800572c       0x92 ./Drivers/STM32F4xx_HAL_Driver/Src/stm32f4xx_hal_tim.o
                0x0800572c                TIM_DMAError
 .text.TIM_DMADelayPulseCplt
                0x080057be       0xa8 ./Drivers/STM32F4xx_HAL_Driver/Src/stm32f4xx_hal_tim.o
 .text.TIM_DMADelayPulseHalfCplt
                0x08005866       0x68 ./Drivers/STM32F4xx_HAL_Driver/Src/stm32f4xx_hal_tim.o
                0x08005866                TIM_DMADelayPulseHalfCplt
 *fill*         0x080058ce        0x2 
 .text.TIM_Base_SetConfig
                0x080058d0       0xc8 ./Drivers/STM32F4xx_HAL_Driver/Src/stm32f4xx_hal_tim.o
                0x080058d0                TIM_Base_SetConfig
 .text.TIM_OC1_SetConfig
                0x08005998       0xcc ./Drivers/STM32F4xx_HAL_Driver/Src/stm32f4xx_hal_tim.o
 .text.TIM_OC2_SetConfig
                0x08005a64       0xd8 ./Drivers/STM32F4xx_HAL_Driver/Src/stm32f4xx_hal_tim.o
                0x08005a64                TIM_OC2_SetConfig
 .text.TIM_OC3_SetConfig
                0x08005b3c       0xd4 ./Drivers/STM32F4xx_HAL_Driver/Src/stm32f4xx_hal_tim.o
 .text.TIM_OC4_SetConfig
                0x08005c10       0xa0 ./Drivers/STM32F4xx_HAL_Driver/Src/stm32f4xx_hal_tim.o
 .text.TIM_CCxChannelCmd
                0x08005cb0       0x4a ./Drivers/STM32F4xx_HAL_Driver/Src/stm32f4xx_hal_tim.o
                0x08005cb0                TIM_CCxChannelCmd
 *fill*         0x08005cfa        0x2 
 .text.HAL_TIMEx_MasterConfigSynchronization
                0x08005cfc       0xb4 ./Drivers/STM32F4xx_HAL_Driver/Src/stm32f4xx_hal_tim_ex.o
                0x08005cfc                HAL_TIMEx_MasterConfigSynchronization
 .text.HAL_UART_Init
                0x08005db0       0xa0 ./Drivers/STM32F4xx_HAL_Driver/Src/stm32f4xx_hal_uart.o
                0x08005db0                HAL_UART_Init
 .text.HAL_UART_Transmit
                0x08005e50      0x116 ./Drivers/STM32F4xx_HAL_Driver/Src/stm32f4xx_hal_uart.o
                0x08005e50                HAL_UART_Transmit
 .text.UART_WaitOnFlagUntilTimeout
                0x08005f66       0xb2 ./Drivers/STM32F4xx_HAL_Driver/Src/stm32f4xx_hal_uart.o
 .text.UART_EndRxTransfer
                0x08006018       0xc6 ./Drivers/STM32F4xx_HAL_Driver/Src/stm32f4xx_hal_uart.o
 *fill*         0x080060de        0x2 
 .text.UART_SetConfig
                0x080060e0      0x4e8 ./Drivers/STM32F4xx_HAL_Driver/Src/stm32f4xx_hal_uart.o
 .text.get_fattime
                0x080065c8       0x10 ./FATFS/App/fatfs.o
                0x080065c8                get_fattime
 .text.disk_status
                0x080065d8       0x34 ./Middlewares/Third_Party/FatFs/src/diskio.o
                0x080065d8                disk_status
 .text.disk_initialize
                0x0800660c       0x50 ./Middlewares/Third_Party/FatFs/src/diskio.o
                0x0800660c                disk_initialize
 .text.disk_read
                0x0800665c       0x40 ./Middlewares/Third_Party/FatFs/src/diskio.o
                0x0800665c                disk_read
 .text.disk_write
                0x0800669c       0x40 ./Middlewares/Third_Party/FatFs/src/diskio.o
                0x0800669c                disk_write
 .text.disk_ioctl
                0x080066dc       0x3c ./Middlewares/Third_Party/FatFs/src/diskio.o
                0x080066dc                disk_ioctl
 .text.ld_word  0x08006718       0x32 ./Middlewares/Third_Party/FatFs/src/ff.o
 .text.ld_dword
                0x0800674a       0x46 ./Middlewares/Third_Party/FatFs/src/ff.o
 .text.st_word  0x08006790       0x36 ./Middlewares/Third_Party/FatFs/src/ff.o
 .text.st_dword
                0x080067c6       0x58 ./Middlewares/Third_Party/FatFs/src/ff.o
 .text.mem_cpy  0x0800681e       0x42 ./Middlewares/Third_Party/FatFs/src/ff.o
 .text.mem_set  0x08006860       0x36 ./Middlewares/Third_Party/FatFs/src/ff.o
 .text.mem_cmp  0x08006896       0x4e ./Middlewares/Third_Party/FatFs/src/ff.o
 .text.chk_chr  0x080068e4       0x36 ./Middlewares/Third_Party/FatFs/src/ff.o
 *fill*         0x0800691a        0x2 
 .text.chk_lock
                0x0800691c       0xb8 ./Middlewares/Third_Party/FatFs/src/ff.o
 .text.enq_lock
                0x080069d4       0x44 ./Middlewares/Third_Party/FatFs/src/ff.o
 .text.inc_lock
                0x08006a18      0x11c ./Middlewares/Third_Party/FatFs/src/ff.o
 .text.dec_lock
                0x08006b34       0x78 ./Middlewares/Third_Party/FatFs/src/ff.o
 .text.clear_lock
                0x08006bac       0x48 ./Middlewares/Third_Party/FatFs/src/ff.o
 .text.sync_window
                0x08006bf4       0x88 ./Middlewares/Third_Party/FatFs/src/ff.o
 .text.move_window
                0x08006c7c       0x5a ./Middlewares/Third_Party/FatFs/src/ff.o
 *fill*         0x08006cd6        0x2 
 .text.sync_fs  0x08006cd8       0xdc ./Middlewares/Third_Party/FatFs/src/ff.o
 .text.clust2sect
                0x08006db4       0x3e ./Middlewares/Third_Party/FatFs/src/ff.o
 .text.get_fat  0x08006df2      0x14e ./Middlewares/Third_Party/FatFs/src/ff.o
 .text.put_fat  0x08006f40      0x1d4 ./Middlewares/Third_Party/FatFs/src/ff.o
 .text.remove_chain
                0x08007114       0xca ./Middlewares/Third_Party/FatFs/src/ff.o
 .text.create_chain
                0x080071de      0x130 ./Middlewares/Third_Party/FatFs/src/ff.o
 .text.clmt_clust
                0x0800730e       0x68 ./Middlewares/Third_Party/FatFs/src/ff.o
 .text.dir_sdi  0x08007376       0xf6 ./Middlewares/Third_Party/FatFs/src/ff.o
 .text.dir_next
                0x0800746c      0x18a ./Middlewares/Third_Party/FatFs/src/ff.o
 .text.dir_alloc
                0x080075f6       0x8e ./Middlewares/Third_Party/FatFs/src/ff.o
 .text.ld_clust
                0x08007684       0x3e ./Middlewares/Third_Party/FatFs/src/ff.o
 .text.st_clust
                0x080076c2       0x40 ./Middlewares/Third_Party/FatFs/src/ff.o
 *fill*         0x08007702        0x2 
 .text.cmp_lfn  0x08007704       0xe0 ./Middlewares/Third_Party/FatFs/src/ff.o
 .text.pick_lfn
                0x080077e4       0xc8 ./Middlewares/Third_Party/FatFs/src/ff.o
 .text.put_lfn  0x080078ac       0xd0 ./Middlewares/Third_Party/FatFs/src/ff.o
 .text.gen_numname
                0x0800797c      0x11c ./Middlewares/Third_Party/FatFs/src/ff.o
 .text.sum_sfn  0x08007a98       0x42 ./Middlewares/Third_Party/FatFs/src/ff.o
 .text.dir_read
                0x08007ada      0x14e ./Middlewares/Third_Party/FatFs/src/ff.o
 .text.dir_find
                0x08007c28      0x180 ./Middlewares/Third_Party/FatFs/src/ff.o
 .text.dir_register
                0x08007da8      0x1f0 ./Middlewares/Third_Party/FatFs/src/ff.o
 .text.get_fileinfo
                0x08007f98      0x1bc ./Middlewares/Third_Party/FatFs/src/ff.o
 .text.create_name
                0x08008154      0x370 ./Middlewares/Third_Party/FatFs/src/ff.o
 .text.follow_path
                0x080084c4       0xe2 ./Middlewares/Third_Party/FatFs/src/ff.o
 .text.get_ldnumber
                0x080085a6       0x88 ./Middlewares/Third_Party/FatFs/src/ff.o
 *fill*         0x0800862e        0x2 
 .text.check_fs
                0x08008630       0xac ./Middlewares/Third_Party/FatFs/src/ff.o
 .text.find_volume
                0x080086dc      0x4a0 ./Middlewares/Third_Party/FatFs/src/ff.o
 .text.validate
                0x08008b7c       0x6a ./Middlewares/Third_Party/FatFs/src/ff.o
 *fill*         0x08008be6        0x2 
 .text.f_mount  0x08008be8       0x8c ./Middlewares/Third_Party/FatFs/src/ff.o
                0x08008be8                f_mount
 .text.f_open   0x08008c74      0x374 ./Middlewares/Third_Party/FatFs/src/ff.o
                0x08008c74                f_open
 .text.f_read   0x08008fe8      0x27e ./Middlewares/Third_Party/FatFs/src/ff.o
                0x08008fe8                f_read
 .text.f_sync   0x08009266       0xfc ./Middlewares/Third_Party/FatFs/src/ff.o
                0x08009266                f_sync
 .text.f_close  0x08009362       0x54 ./Middlewares/Third_Party/FatFs/src/ff.o
                0x08009362                f_close
 .text.f_lseek  0x080093b6      0x412 ./Middlewares/Third_Party/FatFs/src/ff.o
                0x080093b6                f_lseek
 .text.f_opendir
                0x080097c8       0xe6 ./Middlewares/Third_Party/FatFs/src/ff.o
                0x080097c8                f_opendir
 .text.f_closedir
                0x080098ae       0x4c ./Middlewares/Third_Party/FatFs/src/ff.o
                0x080098ae                f_closedir
 .text.f_readdir
                0x080098fa       0x7a ./Middlewares/Third_Party/FatFs/src/ff.o
                0x080098fa                f_readdir
 .text.f_getfree
                0x08009974      0x16a ./Middlewares/Third_Party/FatFs/src/ff.o
                0x08009974                f_getfree
 *fill*         0x08009ade        0x2 
 .text.FATFS_LinkDriverEx
                0x08009ae0       0x98 ./Middlewares/Third_Party/FatFs/src/ff_gen_drv.o
                0x08009ae0                FATFS_LinkDriverEx
 .text.FATFS_LinkDriver
                0x08009b78       0x1e ./Middlewares/Third_Party/FatFs/src/ff_gen_drv.o
                0x08009b78                FATFS_LinkDriver
 *fill*         0x08009b96        0x2 
 .text.ff_convert
                0x08009b98       0x78 ./Middlewares/Third_Party/FatFs/src/option/ccsbcs.o
                0x08009b98                ff_convert
 .text.ff_wtoupper
                0x08009c10      0x114 ./Middlewares/Third_Party/FatFs/src/option/ccsbcs.o
                0x08009c10                ff_wtoupper
 .text.std      0x08009d24       0x6c C:/ST/STM32CubeIDE_2.1.1/STM32CubeIDE/plugins/com.st.stm32cube.ide.mcu.externaltools.gnu-tools-for-stm32.14.3.rel1.win32_1.0.100.202602081740/tools/bin/../lib/gcc/arm-none-eabi/14.3.1/../../../../arm-none-eabi/lib/thumb/v7e-m+fp/hard\libc_nano.a(libc_a-findfp.o)
 .text.stdio_exit_handler
                0x08009d90       0x18 C:/ST/STM32CubeIDE_2.1.1/STM32CubeIDE/plugins/com.st.stm32cube.ide.mcu.externaltools.gnu-tools-for-stm32.14.3.rel1.win32_1.0.100.202602081740/tools/bin/../lib/gcc/arm-none-eabi/14.3.1/../../../../arm-none-eabi/lib/thumb/v7e-m+fp/hard\libc_nano.a(libc_a-findfp.o)
 .text.cleanup_stdio
                0x08009da8       0x40 C:/ST/STM32CubeIDE_2.1.1/STM32CubeIDE/plugins/com.st.stm32cube.ide.mcu.externaltools.gnu-tools-for-stm32.14.3.rel1.win32_1.0.100.202602081740/tools/bin/../lib/gcc/arm-none-eabi/14.3.1/../../../../arm-none-eabi/lib/thumb/v7e-m+fp/hard\libc_nano.a(libc_a-findfp.o)
 .text.global_stdio_init.part.0
                0x08009de8       0x40 C:/ST/STM32CubeIDE_2.1.1/STM32CubeIDE/plugins/com.st.stm32cube.ide.mcu.externaltools.gnu-tools-for-stm32.14.3.rel1.win32_1.0.100.202602081740/tools/bin/../lib/gcc/arm-none-eabi/14.3.1/../../../../arm-none-eabi/lib/thumb/v7e-m+fp/hard\libc_nano.a(libc_a-findfp.o)
 .text.__sfp_lock_acquire
                0x08009e28        0xc C:/ST/STM32CubeIDE_2.1.1/STM32CubeIDE/plugins/com.st.stm32cube.ide.mcu.externaltools.gnu-tools-for-stm32.14.3.rel1.win32_1.0.100.202602081740/tools/bin/../lib/gcc/arm-none-eabi/14.3.1/../../../../arm-none-eabi/lib/thumb/v7e-m+fp/hard\libc_nano.a(libc_a-findfp.o)
                0x08009e28                __sfp_lock_acquire
 .text.__sfp_lock_release
                0x08009e34        0xc C:/ST/STM32CubeIDE_2.1.1/STM32CubeIDE/plugins/com.st.stm32cube.ide.mcu.externaltools.gnu-tools-for-stm32.14.3.rel1.win32_1.0.100.202602081740/tools/bin/../lib/gcc/arm-none-eabi/14.3.1/../../../../arm-none-eabi/lib/thumb/v7e-m+fp/hard\libc_nano.a(libc_a-findfp.o)
                0x08009e34                __sfp_lock_release
 .text.__sinit  0x08009e40       0x30 C:/ST/STM32CubeIDE_2.1.1/STM32CubeIDE/plugins/com.st.stm32cube.ide.mcu.externaltools.gnu-tools-for-stm32.14.3.rel1.win32_1.0.100.202602081740/tools/bin/../lib/gcc/arm-none-eabi/14.3.1/../../../../arm-none-eabi/lib/thumb/v7e-m+fp/hard\libc_nano.a(libc_a-findfp.o)
                0x08009e40                __sinit
 .text._fwalk_sglue
                0x08009e70       0x3c C:/ST/STM32CubeIDE_2.1.1/STM32CubeIDE/plugins/com.st.stm32cube.ide.mcu.externaltools.gnu-tools-for-stm32.14.3.rel1.win32_1.0.100.202602081740/tools/bin/../lib/gcc/arm-none-eabi/14.3.1/../../../../arm-none-eabi/lib/thumb/v7e-m+fp/hard\libc_nano.a(libc_a-fwalk.o)
                0x08009e70                _fwalk_sglue
 .text.printf   0x08009eac       0x24 C:/ST/STM32CubeIDE_2.1.1/STM32CubeIDE/plugins/com.st.stm32cube.ide.mcu.externaltools.gnu-tools-for-stm32.14.3.rel1.win32_1.0.100.202602081740/tools/bin/../lib/gcc/arm-none-eabi/14.3.1/../../../../arm-none-eabi/lib/thumb/v7e-m+fp/hard\libc_nano.a(libc_a-printf.o)
                0x08009eac                iprintf
                0x08009eac                printf
 .text._puts_r  0x08009ed0       0xaa C:/ST/STM32CubeIDE_2.1.1/STM32CubeIDE/plugins/com.st.stm32cube.ide.mcu.externaltools.gnu-tools-for-stm32.14.3.rel1.win32_1.0.100.202602081740/tools/bin/../lib/gcc/arm-none-eabi/14.3.1/../../../../arm-none-eabi/lib/thumb/v7e-m+fp/hard\libc_nano.a(libc_a-puts.o)
                0x08009ed0                _puts_r
 *fill*         0x08009f7a        0x2 
 .text.puts     0x08009f7c       0x10 C:/ST/STM32CubeIDE_2.1.1/STM32CubeIDE/plugins/com.st.stm32cube.ide.mcu.externaltools.gnu-tools-for-stm32.14.3.rel1.win32_1.0.100.202602081740/tools/bin/../lib/gcc/arm-none-eabi/14.3.1/../../../../arm-none-eabi/lib/thumb/v7e-m+fp/hard\libc_nano.a(libc_a-puts.o)
                0x08009f7c                puts
 .text.__sread  0x08009f8c       0x22 C:/ST/STM32CubeIDE_2.1.1/STM32CubeIDE/plugins/com.st.stm32cube.ide.mcu.externaltools.gnu-tools-for-stm32.14.3.rel1.win32_1.0.100.202602081740/tools/bin/../lib/gcc/arm-none-eabi/14.3.1/../../../../arm-none-eabi/lib/thumb/v7e-m+fp/hard\libc_nano.a(libc_a-stdio.o)
                0x08009f8c                __sread
 .text.__swrite
                0x08009fae       0x38 C:/ST/STM32CubeIDE_2.1.1/STM32CubeIDE/plugins/com.st.stm32cube.ide.mcu.externaltools.gnu-tools-for-stm32.14.3.rel1.win32_1.0.100.202602081740/tools/bin/../lib/gcc/arm-none-eabi/14.3.1/../../../../arm-none-eabi/lib/thumb/v7e-m+fp/hard\libc_nano.a(libc_a-stdio.o)
                0x08009fae                __swrite
 .text.__sseek  0x08009fe6       0x26 C:/ST/STM32CubeIDE_2.1.1/STM32CubeIDE/plugins/com.st.stm32cube.ide.mcu.externaltools.gnu-tools-for-stm32.14.3.rel1.win32_1.0.100.202602081740/tools/bin/../lib/gcc/arm-none-eabi/14.3.1/../../../../arm-none-eabi/lib/thumb/v7e-m+fp/hard\libc_nano.a(libc_a-stdio.o)
                0x08009fe6                __sseek
 .text.__sclose
                0x0800a00c        0x8 C:/ST/STM32CubeIDE_2.1.1/STM32CubeIDE/plugins/com.st.stm32cube.ide.mcu.externaltools.gnu-tools-for-stm32.14.3.rel1.win32_1.0.100.202602081740/tools/bin/../lib/gcc/arm-none-eabi/14.3.1/../../../../arm-none-eabi/lib/thumb/v7e-m+fp/hard\libc_nano.a(libc_a-stdio.o)
                0x0800a00c                __sclose
 .text.__swbuf_r
                0x0800a014       0x7c C:/ST/STM32CubeIDE_2.1.1/STM32CubeIDE/plugins/com.st.stm32cube.ide.mcu.externaltools.gnu-tools-for-stm32.14.3.rel1.win32_1.0.100.202602081740/tools/bin/../lib/gcc/arm-none-eabi/14.3.1/../../../../arm-none-eabi/lib/thumb/v7e-m+fp/hard\libc_nano.a(libc_a-wbuf.o)
                0x0800a014                __swbuf_r
 .text.__swsetup_r
                0x0800a090       0xa8 C:/ST/STM32CubeIDE_2.1.1/STM32CubeIDE/plugins/com.st.stm32cube.ide.mcu.externaltools.gnu-tools-for-stm32.14.3.rel1.win32_1.0.100.202602081740/tools/bin/../lib/gcc/arm-none-eabi/14.3.1/../../../../arm-none-eabi/lib/thumb/v7e-m+fp/hard\libc_nano.a(libc_a-wsetup.o)
                0x0800a090                __swsetup_r
 .text.memcmp   0x0800a138       0x20 C:/ST/STM32CubeIDE_2.1.1/STM32CubeIDE/plugins/com.st.stm32cube.ide.mcu.externaltools.gnu-tools-for-stm32.14.3.rel1.win32_1.0.100.202602081740/tools/bin/../lib/gcc/arm-none-eabi/14.3.1/../../../../arm-none-eabi/lib/thumb/v7e-m+fp/hard\libc_nano.a(libc_a-memcmp.o)
                0x0800a138                memcmp
 .text.memset   0x0800a158       0x10 C:/ST/STM32CubeIDE_2.1.1/STM32CubeIDE/plugins/com.st.stm32cube.ide.mcu.externaltools.gnu-tools-for-stm32.14.3.rel1.win32_1.0.100.202602081740/tools/bin/../lib/gcc/arm-none-eabi/14.3.1/../../../../arm-none-eabi/lib/thumb/v7e-m+fp/hard\libc_nano.a(libc_a-memset.o)
                0x0800a158                memset
 .text.strcat   0x0800a168       0x1e C:/ST/STM32CubeIDE_2.1.1/STM32CubeIDE/plugins/com.st.stm32cube.ide.mcu.externaltools.gnu-tools-for-stm32.14.3.rel1.win32_1.0.100.202602081740/tools/bin/../lib/gcc/arm-none-eabi/14.3.1/../../../../arm-none-eabi/lib/thumb/v7e-m+fp/hard\libc_nano.a(libc_a-strcat.o)
                0x0800a168                strcat
 .text.strrchr  0x0800a186       0x2c C:/ST/STM32CubeIDE_2.1.1/STM32CubeIDE/plugins/com.st.stm32cube.ide.mcu.externaltools.gnu-tools-for-stm32.14.3.rel1.win32_1.0.100.202602081740/tools/bin/../lib/gcc/arm-none-eabi/14.3.1/../../../../arm-none-eabi/lib/thumb/v7e-m+fp/hard\libc_nano.a(libc_a-strrchr.o)
                0x0800a186                strrchr
 *fill*         0x0800a1b2        0x2 
 .text._close_r
                0x0800a1b4       0x20 C:/ST/STM32CubeIDE_2.1.1/STM32CubeIDE/plugins/com.st.stm32cube.ide.mcu.externaltools.gnu-tools-for-stm32.14.3.rel1.win32_1.0.100.202602081740/tools/bin/../lib/gcc/arm-none-eabi/14.3.1/../../../../arm-none-eabi/lib/thumb/v7e-m+fp/hard\libc_nano.a(libc_a-closer.o)
                0x0800a1b4                _close_r
 .text._lseek_r
                0x0800a1d4       0x24 C:/ST/STM32CubeIDE_2.1.1/STM32CubeIDE/plugins/com.st.stm32cube.ide.mcu.externaltools.gnu-tools-for-stm32.14.3.rel1.win32_1.0.100.202602081740/tools/bin/../lib/gcc/arm-none-eabi/14.3.1/../../../../arm-none-eabi/lib/thumb/v7e-m+fp/hard\libc_nano.a(libc_a-lseekr.o)
                0x0800a1d4                _lseek_r
 .text._read_r  0x0800a1f8       0x24 C:/ST/STM32CubeIDE_2.1.1/STM32CubeIDE/plugins/com.st.stm32cube.ide.mcu.externaltools.gnu-tools-for-stm32.14.3.rel1.win32_1.0.100.202602081740/tools/bin/../lib/gcc/arm-none-eabi/14.3.1/../../../../arm-none-eabi/lib/thumb/v7e-m+fp/hard\libc_nano.a(libc_a-readr.o)
                0x0800a1f8                _read_r
 .text._write_r
                0x0800a21c       0x24 C:/ST/STM32CubeIDE_2.1.1/STM32CubeIDE/plugins/com.st.stm32cube.ide.mcu.externaltools.gnu-tools-for-stm32.14.3.rel1.win32_1.0.100.202602081740/tools/bin/../lib/gcc/arm-none-eabi/14.3.1/../../../../arm-none-eabi/lib/thumb/v7e-m+fp/hard\libc_nano.a(libc_a-writer.o)
                0x0800a21c                _write_r
 .text.__errno  0x0800a240        0xc C:/ST/STM32CubeIDE_2.1.1/STM32CubeIDE/plugins/com.st.stm32cube.ide.mcu.externaltools.gnu-tools-for-stm32.14.3.rel1.win32_1.0.100.202602081740/tools/bin/../lib/gcc/arm-none-eabi/14.3.1/../../../../arm-none-eabi/lib/thumb/v7e-m+fp/hard\libc_nano.a(libc_a-errno.o)
                0x0800a240                __errno
 .text.__libc_init_array
                0x0800a24c       0x48 C:/ST/STM32CubeIDE_2.1.1/STM32CubeIDE/plugins/com.st.stm32cube.ide.mcu.externaltools.gnu-tools-for-stm32.14.3.rel1.win32_1.0.100.202602081740/tools/bin/../lib/gcc/arm-none-eabi/14.3.1/../../../../arm-none-eabi/lib/thumb/v7e-m+fp/hard\libc_nano.a(libc_a-init.o)
                0x0800a24c                __libc_init_array
 .text.__retarget_lock_init_recursive
                0x0800a294        0x2 C:/ST/STM32CubeIDE_2.1.1/STM32CubeIDE/plugins/com.st.stm32cube.ide.mcu.externaltools.gnu-tools-for-stm32.14.3.rel1.win32_1.0.100.202602081740/tools/bin/../lib/gcc/arm-none-eabi/14.3.1/../../../../arm-none-eabi/lib/thumb/v7e-m+fp/hard\libc_nano.a(libc_a-lock.o)
                0x0800a294                __retarget_lock_init_recursive
 .text.__retarget_lock_acquire_recursive
                0x0800a296        0x2 C:/ST/STM32CubeIDE_2.1.1/STM32CubeIDE/plugins/com.st.stm32cube.ide.mcu.externaltools.gnu-tools-for-stm32.14.3.rel1.win32_1.0.100.202602081740/tools/bin/../lib/gcc/arm-none-eabi/14.3.1/../../../../arm-none-eabi/lib/thumb/v7e-m+fp/hard\libc_nano.a(libc_a-lock.o)
                0x0800a296                __retarget_lock_acquire_recursive
 .text.__retarget_lock_release_recursive
                0x0800a298        0x2 C:/ST/STM32CubeIDE_2.1.1/STM32CubeIDE/plugins/com.st.stm32cube.ide.mcu.externaltools.gnu-tools-for-stm32.14.3.rel1.win32_1.0.100.202602081740/tools/bin/../lib/gcc/arm-none-eabi/14.3.1/../../../../arm-none-eabi/lib/thumb/v7e-m+fp/hard\libc_nano.a(libc_a-lock.o)
                0x0800a298                __retarget_lock_release_recursive
 *fill*         0x0800a29a        0x2 
 .text._free_r  0x0800a29c       0x94 C:/ST/STM32CubeIDE_2.1.1/STM32CubeIDE/plugins/com.st.stm32cube.ide.mcu.externaltools.gnu-tools-for-stm32.14.3.rel1.win32_1.0.100.202602081740/tools/bin/../lib/gcc/arm-none-eabi/14.3.1/../../../../arm-none-eabi/lib/thumb/v7e-m+fp/hard\libc_nano.a(libc_a-freer.o)
                0x0800a29c                _free_r
 .text.sbrk_aligned
                0x0800a330       0x44 C:/ST/STM32CubeIDE_2.1.1/STM32CubeIDE/plugins/com.st.stm32cube.ide.mcu.externaltools.gnu-tools-for-stm32.14.3.rel1.win32_1.0.100.202602081740/tools/bin/../lib/gcc/arm-none-eabi/14.3.1/../../../../arm-none-eabi/lib/thumb/v7e-m+fp/hard\libc_nano.a(libc_a-mallocr.o)
 .text._malloc_r
                0x0800a374      0x100 C:/ST/STM32CubeIDE_2.1.1/STM32CubeIDE/plugins/com.st.stm32cube.ide.mcu.externaltools.gnu-tools-for-stm32.14.3.rel1.win32_1.0.100.202602081740/tools/bin/../lib/gcc/arm-none-eabi/14.3.1/../../../../arm-none-eabi/lib/thumb/v7e-m+fp/hard\libc_nano.a(libc_a-mallocr.o)
                0x0800a374                _malloc_r
 .text.__malloc_lock
                0x0800a474        0xc C:/ST/STM32CubeIDE_2.1.1/STM32CubeIDE/plugins/com.st.stm32cube.ide.mcu.externaltools.gnu-tools-for-stm32.14.3.rel1.win32_1.0.100.202602081740/tools/bin/../lib/gcc/arm-none-eabi/14.3.1/../../../../arm-none-eabi/lib/thumb/v7e-m+fp/hard\libc_nano.a(libc_a-mlock.o)
                0x0800a474                __malloc_lock
 .text.__malloc_unlock
                0x0800a480        0xc C:/ST/STM32CubeIDE_2.1.1/STM32CubeIDE/plugins/com.st.stm32cube.ide.mcu.externaltools.gnu-tools-for-stm32.14.3.rel1.win32_1.0.100.202602081740/tools/bin/../lib/gcc/arm-none-eabi/14.3.1/../../../../arm-none-eabi/lib/thumb/v7e-m+fp/hard\libc_nano.a(libc_a-mlock.o)
                0x0800a480                __malloc_unlock
 .text.__sfputc_r
                0x0800a48c       0x2e C:/ST/STM32CubeIDE_2.1.1/STM32CubeIDE/plugins/com.st.stm32cube.ide.mcu.externaltools.gnu-tools-for-stm32.14.3.rel1.win32_1.0.100.202602081740/tools/bin/../lib/gcc/arm-none-eabi/14.3.1/../../../../arm-none-eabi/lib/thumb/v7e-m+fp/hard\libc_nano.a(libc_a-nano-vfprintf.o)
 .text.__sfputs_r
                0x0800a4ba       0x24 C:/ST/STM32CubeIDE_2.1.1/STM32CubeIDE/plugins/com.st.stm32cube.ide.mcu.externaltools.gnu-tools-for-stm32.14.3.rel1.win32_1.0.100.202602081740/tools/bin/../lib/gcc/arm-none-eabi/14.3.1/../../../../arm-none-eabi/lib/thumb/v7e-m+fp/hard\libc_nano.a(libc_a-nano-vfprintf.o)
                0x0800a4ba                __sfputs_r
 *fill*         0x0800a4de        0x2 
 .text._vfprintf_r
                0x0800a4e0      0x228 C:/ST/STM32CubeIDE_2.1.1/STM32CubeIDE/plugins/com.st.stm32cube.ide.mcu.externaltools.gnu-tools-for-stm32.14.3.rel1.win32_1.0.100.202602081740/tools/bin/../lib/gcc/arm-none-eabi/14.3.1/../../../../arm-none-eabi/lib/thumb/v7e-m+fp/hard\libc_nano.a(libc_a-nano-vfprintf.o)
                0x0800a4e0                _vfprintf_r
                0x0800a4e0                _vfiprintf_r
 .text._printf_common
                0x0800a708       0xda C:/ST/STM32CubeIDE_2.1.1/STM32CubeIDE/plugins/com.st.stm32cube.ide.mcu.externaltools.gnu-tools-for-stm32.14.3.rel1.win32_1.0.100.202602081740/tools/bin/../lib/gcc/arm-none-eabi/14.3.1/../../../../arm-none-eabi/lib/thumb/v7e-m+fp/hard\libc_nano.a(libc_a-nano-vfprintf_i.o)
                0x0800a708                _printf_common
 *fill*         0x0800a7e2        0x2 
 .text._printf_i
                0x0800a7e4      0x24c C:/ST/STM32CubeIDE_2.1.1/STM32CubeIDE/plugins/com.st.stm32cube.ide.mcu.externaltools.gnu-tools-for-stm32.14.3.rel1.win32_1.0.100.202602081740/tools/bin/../lib/gcc/arm-none-eabi/14.3.1/../../../../arm-none-eabi/lib/thumb/v7e-m+fp/hard\libc_nano.a(libc_a-nano-vfprintf_i.o)
                0x0800a7e4                _printf_i
 .text.__sflush_r
                0x0800aa30      0x104 C:/ST/STM32CubeIDE_2.1.1/STM32CubeIDE/plugins/com.st.stm32cube.ide.mcu.externaltools.gnu-tools-for-stm32.14.3.rel1.win32_1.0.100.202602081740/tools/bin/../lib/gcc/arm-none-eabi/14.3.1/../../../../arm-none-eabi/lib/thumb/v7e-m+fp/hard\libc_nano.a(libc_a-fflush.o)
                0x0800aa30                __sflush_r
 .text._fflush_r
                0x0800ab34       0x50 C:/ST/STM32CubeIDE_2.1.1/STM32CubeIDE/plugins/com.st.stm32cube.ide.mcu.externaltools.gnu-tools-for-stm32.14.3.rel1.win32_1.0.100.202602081740/tools/bin/../lib/gcc/arm-none-eabi/14.3.1/../../../../arm-none-eabi/lib/thumb/v7e-m+fp/hard\libc_nano.a(libc_a-fflush.o)
                0x0800ab34                _fflush_r
 .text.__swhatbuf_r
                0x0800ab84       0x48 C:/ST/STM32CubeIDE_2.1.1/STM32CubeIDE/plugins/com.st.stm32cube.ide.mcu.externaltools.gnu-tools-for-stm32.14.3.rel1.win32_1.0.100.202602081740/tools/bin/../lib/gcc/arm-none-eabi/14.3.1/../../../../arm-none-eabi/lib/thumb/v7e-m+fp/hard\libc_nano.a(libc_a-makebuf.o)
                0x0800ab84                __swhatbuf_r
 .text.__smakebuf_r
                0x0800abcc       0x72 C:/ST/STM32CubeIDE_2.1.1/STM32CubeIDE/plugins/com.st.stm32cube.ide.mcu.externaltools.gnu-tools-for-stm32.14.3.rel1.win32_1.0.100.202602081740/tools/bin/../lib/gcc/arm-none-eabi/14.3.1/../../../../arm-none-eabi/lib/thumb/v7e-m+fp/hard\libc_nano.a(libc_a-makebuf.o)
                0x0800abcc                __smakebuf_r
 .text.strchr   0x0800ac3e       0x1a C:/ST/STM32CubeIDE_2.1.1/STM32CubeIDE/plugins/com.st.stm32cube.ide.mcu.externaltools.gnu-tools-for-stm32.14.3.rel1.win32_1.0.100.202602081740/tools/bin/../lib/gcc/arm-none-eabi/14.3.1/../../../../arm-none-eabi/lib/thumb/v7e-m+fp/hard\libc_nano.a(libc_a-strchr.o)
                0x0800ac3e                strchr
 .text._fstat_r
                0x0800ac58       0x24 C:/ST/STM32CubeIDE_2.1.1/STM32CubeIDE/plugins/com.st.stm32cube.ide.mcu.externaltools.gnu-tools-for-stm32.14.3.rel1.win32_1.0.100.202602081740/tools/bin/../lib/gcc/arm-none-eabi/14.3.1/../../../../arm-none-eabi/lib/thumb/v7e-m+fp/hard\libc_nano.a(libc_a-fstatr.o)
                0x0800ac58                _fstat_r
 .text._isatty_r
                0x0800ac7c       0x20 C:/ST/STM32CubeIDE_2.1.1/STM32CubeIDE/plugins/com.st.stm32cube.ide.mcu.externaltools.gnu-tools-for-stm32.14.3.rel1.win32_1.0.100.202602081740/tools/bin/../lib/gcc/arm-none-eabi/14.3.1/../../../../arm-none-eabi/lib/thumb/v7e-m+fp/hard\libc_nano.a(libc_a-isattyr.o)
                0x0800ac7c                _isatty_r
 .text._sbrk_r  0x0800ac9c       0x20 C:/ST/STM32CubeIDE_2.1.1/STM32CubeIDE/plugins/com.st.stm32cube.ide.mcu.externaltools.gnu-tools-for-stm32.14.3.rel1.win32_1.0.100.202602081740/tools/bin/../lib/gcc/arm-none-eabi/14.3.1/../../../../arm-none-eabi/lib/thumb/v7e-m+fp/hard\libc_nano.a(libc_a-sbrkr.o)
                0x0800ac9c                _sbrk_r
 *(.glue_7)
 .glue_7        0x0800acbc        0x0 linker stubs
 *(.glue_7t)
 .glue_7t       0x0800acbc        0x0 linker stubs
 *(.eh_frame)
 .eh_frame      0x0800acbc        0x0 C:/ST/STM32CubeIDE_2.1.1/STM32CubeIDE/plugins/com.st.stm32cube.ide.mcu.externaltools.gnu-tools-for-stm32.14.3.rel1.win32_1.0.100.202602081740/tools/bin/../lib/gcc/arm-none-eabi/14.3.1/thumb/v7e-m+fp/hard/crtbegin.o
 *(.init)
 .init          0x0800acbc        0x4 C:/ST/STM32CubeIDE_2.1.1/STM32CubeIDE/plugins/com.st.stm32cube.ide.mcu.externaltools.gnu-tools-for-stm32.14.3.rel1.win32_1.0.100.202602081740/tools/bin/../lib/gcc/arm-none-eabi/14.3.1/thumb/v7e-m+fp/hard/crti.o
                0x0800acbc                _init
 .init          0x0800acc0        0x8 C:/ST/STM32CubeIDE_2.1.1/STM32CubeIDE/plugins/com.st.stm32cube.ide.mcu.externaltools.gnu-tools-for-stm32.14.3.rel1.win32_1.0.100.202602081740/tools/bin/../lib/gcc/arm-none-eabi/14.3.1/thumb/v7e-m+fp/hard/crtn.o
 *(.fini)
 .fini          0x0800acc8        0x4 C:/ST/STM32CubeIDE_2.1.1/STM32CubeIDE/plugins/com.st.stm32cube.ide.mcu.externaltools.gnu-tools-for-stm32.14.3.rel1.win32_1.0.100.202602081740/tools/bin/../lib/gcc/arm-none-eabi/14.3.1/thumb/v7e-m+fp/hard/crti.o
                0x0800acc8                _fini
 .fini          0x0800accc        0x8 C:/ST/STM32CubeIDE_2.1.1/STM32CubeIDE/plugins/com.st.stm32cube.ide.mcu.externaltools.gnu-tools-for-stm32.14.3.rel1.win32_1.0.100.202602081740/tools/bin/../lib/gcc/arm-none-eabi/14.3.1/thumb/v7e-m+fp/hard/crtn.o
                0x0800acd4                        . = ALIGN (0x4)
                0x0800acd4                        _etext = .

.vfp11_veneer   0x0800acd4        0x0
 .vfp11_veneer  0x0800acd4        0x0 linker stubs

.v4_bx          0x0800acd4        0x0
 .v4_bx         0x0800acd4        0x0 linker stubs

.iplt           0x0800acd4        0x0
 .iplt          0x0800acd4        0x0 C:/ST/STM32CubeIDE_2.1.1/STM32CubeIDE/plugins/com.st.stm32cube.ide.mcu.externaltools.gnu-tools-for-stm32.14.3.rel1.win32_1.0.100.202602081740/tools/bin/../lib/gcc/arm-none-eabi/14.3.1/thumb/v7e-m+fp/hard/crtbegin.o

.rodata         0x0800acd4      0xd30
                0x0800acd4                        . = ALIGN (0x4)
 *(.rodata)
 .rodata        0x0800acd4      0x2db ./Core/Src/main.o
 *fill*         0x0800afaf        0x1 
 .rodata        0x0800afb0      0x3dc ./Core/Src/sd_functions.o
 .rodata        0x0800b38c       0x77 ./Core/Src/sd_wav.o
 *fill*         0x0800b403        0x1 
 .rodata        0x0800b404       0x48 ./Middlewares/Third_Party/FatFs/src/ff.o
 *(.rodata*)
 .rodata.exp_fmt
                0x0800b44c        0x4 ./Core/Src/main.o
                0x0800b44c                exp_fmt
 .rodata.exp_data
                0x0800b450        0x4 ./Core/Src/main.o
                0x0800b450                exp_data
 .rodata.exp_audio_fmt
                0x0800b454        0x2 ./Core/Src/main.o
                0x0800b454                exp_audio_fmt
 *fill*         0x0800b456        0x2 
 .rodata.stereo
                0x0800b458        0x2 ./Core/Src/main.o
                0x0800b458                stereo
 *fill*         0x0800b45a        0x2 
 .rodata.SD_Driver
                0x0800b45c       0x14 ./Core/Src/sd_diskio_spi.o
                0x0800b45c                SD_Driver
 .rodata.AHBPrescTable
                0x0800b470       0x10 ./Core/Src/system_stm32f4xx.o
                0x0800b470                AHBPrescTable
 .rodata.APBPrescTable
                0x0800b480        0x8 ./Core/Src/system_stm32f4xx.o
                0x0800b480                APBPrescTable
 .rodata.flagBitshiftOffset.0
                0x0800b488        0x8 ./Drivers/STM32F4xx_HAL_Driver/Src/stm32f4xx_hal_dma.o
 .rodata.ExCvt  0x0800b490       0x80 ./Middlewares/Third_Party/FatFs/src/ff.o
 .rodata.LfnOfs
                0x0800b510        0xd ./Middlewares/Third_Party/FatFs/src/ff.o
 *fill*         0x0800b51d        0x3 
 .rodata.Tbl    0x0800b520      0x100 ./Middlewares/Third_Party/FatFs/src/option/ccsbcs.o
 .rodata.cvt1.1
                0x0800b620      0x1f2 ./Middlewares/Third_Party/FatFs/src/option/ccsbcs.o
 *fill*         0x0800b812        0x2 
 .rodata.cvt2.0
                0x0800b814       0xbc ./Middlewares/Third_Party/FatFs/src/option/ccsbcs.o
 .rodata._ctype_
                0x0800b8d0      0x101 C:/ST/STM32CubeIDE_2.1.1/STM32CubeIDE/plugins/com.st.stm32cube.ide.mcu.externaltools.gnu-tools-for-stm32.14.3.rel1.win32_1.0.100.202602081740/tools/bin/../lib/gcc/arm-none-eabi/14.3.1/../../../../arm-none-eabi/lib/thumb/v7e-m+fp/hard\libc_nano.a(libc_a-ctype_.o)
                0x0800b8d0                _ctype_
 .rodata._vfprintf_r.str1.1
                0x0800b9d1       0x33 C:/ST/STM32CubeIDE_2.1.1/STM32CubeIDE/plugins/com.st.stm32cube.ide.mcu.externaltools.gnu-tools-for-stm32.14.3.rel1.win32_1.0.100.202602081740/tools/bin/../lib/gcc/arm-none-eabi/14.3.1/../../../../arm-none-eabi/lib/thumb/v7e-m+fp/hard\libc_nano.a(libc_a-nano-vfprintf.o)
                                 0x11 (size before relaxing)
 .rodata._printf_i.str1.1
                0x0800ba04       0x22 C:/ST/STM32CubeIDE_2.1.1/STM32CubeIDE/plugins/com.st.stm32cube.ide.mcu.externaltools.gnu-tools-for-stm32.14.3.rel1.win32_1.0.100.202602081740/tools/bin/../lib/gcc/arm-none-eabi/14.3.1/../../../../arm-none-eabi/lib/thumb/v7e-m+fp/hard\libc_nano.a(libc_a-nano-vfprintf_i.o)
                0x0800ba28                        . = ALIGN (0x4)

.ARM.extab      0x0800ba04        0x0
                0x0800ba04                        . = ALIGN (0x4)
 *(.ARM.extab* .gnu.linkonce.armextab.*)
                0x0800ba04                        . = ALIGN (0x4)

.ARM            0x0800ba04        0x8
                0x0800ba04                        . = ALIGN (0x4)
                0x0800ba04                        __exidx_start = .
 *(.ARM.exidx*)
 .ARM.exidx     0x0800ba04        0x8 C:/ST/STM32CubeIDE_2.1.1/STM32CubeIDE/plugins/com.st.stm32cube.ide.mcu.externaltools.gnu-tools-for-stm32.14.3.rel1.win32_1.0.100.202602081740/tools/bin/../lib/gcc/arm-none-eabi/14.3.1/../../../../arm-none-eabi/lib/thumb/v7e-m+fp/hard\libc_nano.a(libc_a-memchr.o)
 .ARM.exidx     0x0800ba0c        0x0 C:/ST/STM32CubeIDE_2.1.1/STM32CubeIDE/plugins/com.st.stm32cube.ide.mcu.externaltools.gnu-tools-for-stm32.14.3.rel1.win32_1.0.100.202602081740/tools/bin/../lib/gcc/arm-none-eabi/14.3.1/thumb/v7e-m+fp/hard\libgcc.a(_udivmoddi4.o)
                                  0x8 (size before relaxing)
                0x0800ba0c                        __exidx_end = .
                0x0800ba0c                        . = ALIGN (0x4)

.preinit_array  0x0800ba0c        0x0
                0x0800ba0c                        . = ALIGN (0x4)
                0x0800ba0c                        PROVIDE (__preinit_array_start = .)
 *(.preinit_array*)
                0x0800ba0c                        PROVIDE (__preinit_array_end = .)
                0x0800ba0c                        . = ALIGN (0x4)

.init_array     0x0800ba0c        0x4
                0x0800ba0c                        . = ALIGN (0x4)
                0x0800ba0c                        PROVIDE (__init_array_start = .)
 *(SORT_BY_NAME(.init_array.*))
 *(.init_array*)
 .init_array    0x0800ba0c        0x4 C:/ST/STM32CubeIDE_2.1.1/STM32CubeIDE/plugins/com.st.stm32cube.ide.mcu.externaltools.gnu-tools-for-stm32.14.3.rel1.win32_1.0.100.202602081740/tools/bin/../lib/gcc/arm-none-eabi/14.3.1/thumb/v7e-m+fp/hard/crtbegin.o
                0x0800ba10                        PROVIDE (__init_array_end = .)
                0x0800ba10                        . = ALIGN (0x4)

.fini_array     0x0800ba10        0x4
                0x0800ba10                        . = ALIGN (0x4)
                [!provide]                        PROVIDE (__fini_array_start = .)
 *(SORT_BY_NAME(.fini_array.*))
 *(.fini_array*)
 .fini_array    0x0800ba10        0x4 C:/ST/STM32CubeIDE_2.1.1/STM32CubeIDE/plugins/com.st.stm32cube.ide.mcu.externaltools.gnu-tools-for-stm32.14.3.rel1.win32_1.0.100.202602081740/tools/bin/../lib/gcc/arm-none-eabi/14.3.1/thumb/v7e-m+fp/hard/crtbegin.o
                [!provide]                        PROVIDE (__fini_array_end = .)
                0x0800ba14                        . = ALIGN (0x4)
                0x0800ba14                        _sidata = LOADADDR (.data)

.rel.dyn        0x0800ba14        0x0
 .rel.iplt      0x0800ba14        0x0 C:/ST/STM32CubeIDE_2.1.1/STM32CubeIDE/plugins/com.st.stm32cube.ide.mcu.externaltools.gnu-tools-for-stm32.14.3.rel1.win32_1.0.100.202602081740/tools/bin/../lib/gcc/arm-none-eabi/14.3.1/thumb/v7e-m+fp/hard/crtbegin.o

.data           0x20000000       0x6c load address 0x0800ba14
                0x20000000                        . = ALIGN (0x4)
                0x20000000                        _sdata = .
 *(.data)
 *(.data*)
 .data.skip     0x20000000        0x4 ./Core/Src/main.o
                0x20000000                skip
 .data.SystemCoreClock
                0x20000004        0x4 ./Core/Src/system_stm32f4xx.o
                0x20000004                SystemCoreClock
 .data.uwTickPrio
                0x20000008        0x4 ./Drivers/STM32F4xx_HAL_Driver/Src/stm32f4xx_hal.o
                0x20000008                uwTickPrio
 .data.uwTickFreq
                0x2000000c        0x1 ./Drivers/STM32F4xx_HAL_Driver/Src/stm32f4xx_hal.o
                0x2000000c                uwTickFreq
 *fill*         0x2000000d        0x3 
 .data.__sglue  0x20000010        0xc C:/ST/STM32CubeIDE_2.1.1/STM32CubeIDE/plugins/com.st.stm32cube.ide.mcu.externaltools.gnu-tools-for-stm32.14.3.rel1.win32_1.0.100.202602081740/tools/bin/../lib/gcc/arm-none-eabi/14.3.1/../../../../arm-none-eabi/lib/thumb/v7e-m+fp/hard\libc_nano.a(libc_a-findfp.o)
                0x20000010                __sglue
 .data._impure_ptr
                0x2000001c        0x4 C:/ST/STM32CubeIDE_2.1.1/STM32CubeIDE/plugins/com.st.stm32cube.ide.mcu.externaltools.gnu-tools-for-stm32.14.3.rel1.win32_1.0.100.202602081740/tools/bin/../lib/gcc/arm-none-eabi/14.3.1/../../../../arm-none-eabi/lib/thumb/v7e-m+fp/hard\libc_nano.a(libc_a-impure.o)
                0x2000001c                _impure_ptr
 .data._impure_data
                0x20000020       0x4c C:/ST/STM32CubeIDE_2.1.1/STM32CubeIDE/plugins/com.st.stm32cube.ide.mcu.externaltools.gnu-tools-for-stm32.14.3.rel1.win32_1.0.100.202602081740/tools/bin/../lib/gcc/arm-none-eabi/14.3.1/../../../../arm-none-eabi/lib/thumb/v7e-m+fp/hard\libc_nano.a(libc_a-impure.o)
                0x20000020                _impure_data
 *(.RamFunc)
 *(.RamFunc*)
                0x2000006c                        . = ALIGN (0x4)
                0x2000006c                        _edata = .

.igot.plt       0x2000006c        0x0 load address 0x0800ba80
 .igot.plt      0x2000006c        0x0 C:/ST/STM32CubeIDE_2.1.1/STM32CubeIDE/plugins/com.st.stm32cube.ide.mcu.externaltools.gnu-tools-for-stm32.14.3.rel1.win32_1.0.100.202602081740/tools/bin/../lib/gcc/arm-none-eabi/14.3.1/thumb/v7e-m+fp/hard/crtbegin.o
                0x2000006c                        . = ALIGN (0x4)

.bss            0x2000006c     0x6ce4 load address 0x0800ba80
                0x2000006c                        _sbss = .
                0x2000006c                        __bss_start__ = _sbss
 *(.bss)
 .bss           0x2000006c       0x1c C:/ST/STM32CubeIDE_2.1.1/STM32CubeIDE/plugins/com.st.stm32cube.ide.mcu.externaltools.gnu-tools-for-stm32.14.3.rel1.win32_1.0.100.202602081740/tools/bin/../lib/gcc/arm-none-eabi/14.3.1/thumb/v7e-m+fp/hard/crtbegin.o
 *(.bss*)
 .bss.hspi1     0x20000088       0x58 ./Core/Src/main.o
                0x20000088                hspi1
 .bss.hdma_spi1_rx
                0x200000e0       0x60 ./Core/Src/main.o
                0x200000e0                hdma_spi1_rx
 .bss.hdma_spi1_tx
                0x20000140       0x60 ./Core/Src/main.o
                0x20000140                hdma_spi1_tx
 .bss.htim5     0x200001a0       0x48 ./Core/Src/main.o
                0x200001a0                htim5
 .bss.hdma_tim5_ch1
                0x200001e8       0x60 ./Core/Src/main.o
                0x200001e8                hdma_tim5_ch1
 .bss.hdma_tim5_ch2
                0x20000248       0x60 ./Core/Src/main.o
                0x20000248                hdma_tim5_ch2
 .bss.huart2    0x200002a8       0x48 ./Core/Src/main.o
                0x200002a8                huart2
 .bss.riff_header_chunk
                0x200002f0        0xc ./Core/Src/main.o
                0x200002f0                riff_header_chunk
 .bss.chunk_id  0x200002fc        0x4 ./Core/Src/main.o
                0x200002fc                chunk_id
 .bss.chunk_size
                0x20000300        0x4 ./Core/Src/main.o
                0x20000300                chunk_size
 .bss.file_size_dec
                0x20000304        0x4 ./Core/Src/main.o
                0x20000304                file_size_dec
 .bss.fmt_size_dec
                0x20000308        0x4 ./Core/Src/main.o
                0x20000308                fmt_size_dec
 .bss.data_size_dec
                0x2000030c        0x4 ./Core/Src/main.o
                0x2000030c                data_size_dec
 .bss.chunk_size_dec
                0x20000310        0x4 ./Core/Src/main.o
                0x20000310                chunk_size_dec
 .bss.channels_dec
                0x20000314        0x2 ./Core/Src/main.o
                0x20000314                channels_dec
 *fill*         0x20000316        0x2 
 .bss.sample_rate_dec
                0x20000318        0x4 ./Core/Src/main.o
                0x20000318                sample_rate_dec
 .bss.byte_rate_dec
                0x2000031c        0x4 ./Core/Src/main.o
                0x2000031c                byte_rate_dec
 .bss.block_align_dec
                0x20000320        0x2 ./Core/Src/main.o
                0x20000320                block_align_dec
 .bss.bytes_per_sample_dec
                0x20000322        0x2 ./Core/Src/main.o
                0x20000322                bytes_per_sample_dec
 .bss.audio_fmt
                0x20000324        0x2 ./Core/Src/main.o
                0x20000324                audio_fmt
 *fill*         0x20000326        0x2 
 .bss.channels  0x20000328        0x2 ./Core/Src/main.o
                0x20000328                channels
 *fill*         0x2000032a        0x2 
 .bss.sample_rate
                0x2000032c        0x4 ./Core/Src/main.o
                0x2000032c                sample_rate
 .bss.byte_rate
                0x20000330        0x4 ./Core/Src/main.o
                0x20000330                byte_rate
 .bss.block_align
                0x20000334        0x2 ./Core/Src/main.o
                0x20000334                block_align
 *fill*         0x20000336        0x2 
 .bss.sample_depth
                0x20000338        0x2 ./Core/Src/main.o
                0x20000338                sample_depth
 *fill*         0x2000033a        0x2 
 .bss.bufr      0x2000033c     0x2000 ./Core/Src/main.o
                0x2000033c                bufr
 .bss.ccr_l     0x2000233c     0x2000 ./Core/Src/main.o
                0x2000233c                ccr_l
 .bss.ccr_r     0x2000433c     0x2000 ./Core/Src/main.o
                0x2000433c                ccr_r
 .bss.data_bytes_read
                0x2000633c        0x4 ./Core/Src/main.o
                0x2000633c                data_bytes_read
 .bss.skip_fmt  0x20006340        0x4 ./Core/Src/main.o
                0x20006340                skip_fmt
 .bss.skip_data
                0x20006344        0x4 ./Core/Src/main.o
                0x20006344                skip_data
 .bss.ARR       0x20006348        0x4 ./Core/Src/main.o
                0x20006348                ARR
 .bss.br        0x2000634c        0x4 ./Core/Src/main.o
                0x2000634c                br
 .bss.file      0x20006350      0x230 ./Core/Src/main.o
                0x20006350                file
 .bss.res       0x20006580        0x1 ./Core/Src/main.o
                0x20006580                res
 .bss.refill_request
                0x20006581        0x1 ./Core/Src/main.o
                0x20006581                refill_request
 *fill*         0x20006582        0x2 
 .bss.sd_path   0x20006584        0x4 ./Core/Src/sd_functions.o
                0x20006584                sd_path
 .bss.fs        0x20006588      0x234 ./Core/Src/sd_functions.o
                0x20006588                fs
 .bss.dma_tx_done
                0x200067bc        0x4 ./Core/Src/sd_spi.o
                0x200067bc                dma_tx_done
 .bss.dma_rx_done
                0x200067c0        0x4 ./Core/Src/sd_spi.o
                0x200067c0                dma_rx_done
 .bss.sdhc      0x200067c4        0x1 ./Core/Src/sd_spi.o
 .bss.card_initialized
                0x200067c5        0x1 ./Core/Src/sd_spi.o
                0x200067c5                card_initialized
 *fill*         0x200067c6        0x2 
 .bss.tx_dummy.0
                0x200067c8      0x200 ./Core/Src/sd_spi.o
 .bss.__sbrk_heap_end
                0x200069c8        0x4 ./Core/Src/sysmem.o
 .bss.uwTick    0x200069cc        0x4 ./Drivers/STM32F4xx_HAL_Driver/Src/stm32f4xx_hal.o
                0x200069cc                uwTick
 .bss.FatFs     0x200069d0        0x4 ./Middlewares/Third_Party/FatFs/src/ff.o
 .bss.Fsid      0x200069d4        0x2 ./Middlewares/Third_Party/FatFs/src/ff.o
 *fill*         0x200069d6        0x2 
 .bss.Files     0x200069d8       0x20 ./Middlewares/Third_Party/FatFs/src/ff.o
 .bss.LfnBuf    0x200069f8      0x200 ./Middlewares/Third_Party/FatFs/src/ff.o
 .bss.disk      0x20006bf8        0xc ./Middlewares/Third_Party/FatFs/src/ff_gen_drv.o
                0x20006bf8                disk
 .bss.__sf      0x20006c04      0x138 C:/ST/STM32CubeIDE_2.1.1/STM32CubeIDE/plugins/com.st.stm32cube.ide.mcu.externaltools.gnu-tools-for-stm32.14.3.rel1.win32_1.0.100.202602081740/tools/bin/../lib/gcc/arm-none-eabi/14.3.1/../../../../arm-none-eabi/lib/thumb/v7e-m+fp/hard\libc_nano.a(libc_a-findfp.o)
                0x20006c04                __sf
 .bss.__stdio_exit_handler
                0x20006d3c        0x4 C:/ST/STM32CubeIDE_2.1.1/STM32CubeIDE/plugins/com.st.stm32cube.ide.mcu.externaltools.gnu-tools-for-stm32.14.3.rel1.win32_1.0.100.202602081740/tools/bin/../lib/gcc/arm-none-eabi/14.3.1/../../../../arm-none-eabi/lib/thumb/v7e-m+fp/hard\libc_nano.a(libc_a-findfp.o)
                0x20006d3c                __stdio_exit_handler
 .bss.errno     0x20006d40        0x4 C:/ST/STM32CubeIDE_2.1.1/STM32CubeIDE/plugins/com.st.stm32cube.ide.mcu.externaltools.gnu-tools-for-stm32.14.3.rel1.win32_1.0.100.202602081740/tools/bin/../lib/gcc/arm-none-eabi/14.3.1/../../../../arm-none-eabi/lib/thumb/v7e-m+fp/hard\libc_nano.a(libc_a-reent.o)
                0x20006d40                errno
 .bss.__lock___malloc_recursive_mutex
                0x20006d44        0x1 C:/ST/STM32CubeIDE_2.1.1/STM32CubeIDE/plugins/com.st.stm32cube.ide.mcu.externaltools.gnu-tools-for-stm32.14.3.rel1.win32_1.0.100.202602081740/tools/bin/../lib/gcc/arm-none-eabi/14.3.1/../../../../arm-none-eabi/lib/thumb/v7e-m+fp/hard\libc_nano.a(libc_a-lock.o)
                0x20006d44                __lock___malloc_recursive_mutex
 .bss.__lock___sfp_recursive_mutex
                0x20006d45        0x1 C:/ST/STM32CubeIDE_2.1.1/STM32CubeIDE/plugins/com.st.stm32cube.ide.mcu.externaltools.gnu-tools-for-stm32.14.3.rel1.win32_1.0.100.202602081740/tools/bin/../lib/gcc/arm-none-eabi/14.3.1/../../../../arm-none-eabi/lib/thumb/v7e-m+fp/hard\libc_nano.a(libc_a-lock.o)
                0x20006d45                __lock___sfp_recursive_mutex
 *fill*         0x20006d46        0x2 
 .bss.__malloc_sbrk_start
                0x20006d48        0x4 C:/ST/STM32CubeIDE_2.1.1/STM32CubeIDE/plugins/com.st.stm32cube.ide.mcu.externaltools.gnu-tools-for-stm32.14.3.rel1.win32_1.0.100.202602081740/tools/bin/../lib/gcc/arm-none-eabi/14.3.1/../../../../arm-none-eabi/lib/thumb/v7e-m+fp/hard\libc_nano.a(libc_a-mallocr.o)
                0x20006d48                __malloc_sbrk_start
 .bss.__malloc_free_list
                0x20006d4c        0x4 C:/ST/STM32CubeIDE_2.1.1/STM32CubeIDE/plugins/com.st.stm32cube.ide.mcu.externaltools.gnu-tools-for-stm32.14.3.rel1.win32_1.0.100.202602081740/tools/bin/../lib/gcc/arm-none-eabi/14.3.1/../../../../arm-none-eabi/lib/thumb/v7e-m+fp/hard\libc_nano.a(libc_a-mallocr.o)
                0x20006d4c                __malloc_free_list
 *(COMMON)
                0x20006d50                        . = ALIGN (0x4)
                0x20006d50                        _ebss = .
                0x20006d50                        __bss_end__ = _ebss

._user_heap_stack
                0x20006d50      0x600 load address 0x0800ba80
                0x20006d50                        . = ALIGN (0x8)
                [!provide]                        PROVIDE (end = .)
                0x20006d50                        PROVIDE (_end = .)
                0x20006f50                        . = (. + _Min_Heap_Size)
 *fill*         0x20006d50      0x200 
                0x20007350                        . = (. + _Min_Stack_Size)
 *fill*         0x20006f50      0x400 
                0x20007350                        . = ALIGN (0x8)

/DISCARD/
 libc.a(*)
 libm.a(*)
 libgcc.a(*)

.ARM.attributes
                0x00000000       0x30
 *(.ARM.attributes)
 .ARM.attributes
                0x00000000       0x22 C:/ST/STM32CubeIDE_2.1.1/STM32CubeIDE/plugins/com.st.stm32cube.ide.mcu.externaltools.gnu-tools-for-stm32.14.3.rel1.win32_1.0.100.202602081740/tools/bin/../lib/gcc/arm-none-eabi/14.3.1/thumb/v7e-m+fp/hard/crti.o
 .ARM.attributes
                0x00000022       0x34 C:/ST/STM32CubeIDE_2.1.1/STM32CubeIDE/plugins/com.st.stm32cube.ide.mcu.externaltools.gnu-tools-for-stm32.14.3.rel1.win32_1.0.100.202602081740/tools/bin/../lib/gcc/arm-none-eabi/14.3.1/thumb/v7e-m+fp/hard/crtbegin.o
 .ARM.attributes
                0x00000056       0x34 ./Core/Src/main.o
 .ARM.attributes
                0x0000008a       0x34 ./Core/Src/sd_diskio_spi.o
 .ARM.attributes
                0x000000be       0x34 ./Core/Src/sd_functions.o
 .ARM.attributes
                0x000000f2       0x34 ./Core/Src/sd_spi.o
 .ARM.attributes
                0x00000126       0x34 ./Core/Src/sd_wav.o
 .ARM.attributes
                0x0000015a       0x34 ./Core/Src/stm32f4xx_hal_msp.o
 .ARM.attributes
                0x0000018e       0x34 ./Core/Src/stm32f4xx_it.o
 .ARM.attributes
                0x000001c2       0x34 ./Core/Src/syscalls.o
 .ARM.attributes
                0x000001f6       0x34 ./Core/Src/sysmem.o
 .ARM.attributes
                0x0000022a       0x34 ./Core/Src/system_stm32f4xx.o
 .ARM.attributes
                0x0000025e       0x21 ./Core/Startup/startup_stm32f410rbtx.o
 .ARM.attributes
                0x0000027f       0x34 ./Drivers/STM32F4xx_HAL_Driver/Src/stm32f4xx_hal.o
 .ARM.attributes
                0x000002b3       0x34 ./Drivers/STM32F4xx_HAL_Driver/Src/stm32f4xx_hal_cortex.o
 .ARM.attributes
                0x000002e7       0x34 ./Drivers/STM32F4xx_HAL_Driver/Src/stm32f4xx_hal_dma.o
 .ARM.attributes
                0x0000031b       0x34 ./Drivers/STM32F4xx_HAL_Driver/Src/stm32f4xx_hal_gpio.o
 .ARM.attributes
                0x0000034f       0x34 ./Drivers/STM32F4xx_HAL_Driver/Src/stm32f4xx_hal_rcc.o
 .ARM.attributes
                0x00000383       0x34 ./Drivers/STM32F4xx_HAL_Driver/Src/stm32f4xx_hal_rcc_ex.o
 .ARM.attributes
                0x000003b7       0x34 ./Drivers/STM32F4xx_HAL_Driver/Src/stm32f4xx_hal_spi.o
 .ARM.attributes
                0x000003eb       0x34 ./Drivers/STM32F4xx_HAL_Driver/Src/stm32f4xx_hal_tim.o
 .ARM.attributes
                0x0000041f       0x34 ./Drivers/STM32F4xx_HAL_Driver/Src/stm32f4xx_hal_tim_ex.o
 .ARM.attributes
                0x00000453       0x34 ./Drivers/STM32F4xx_HAL_Driver/Src/stm32f4xx_hal_uart.o
 .ARM.attributes
                0x00000487       0x34 ./FATFS/App/fatfs.o
 .ARM.attributes
                0x000004bb       0x34 ./Middlewares/Third_Party/FatFs/src/diskio.o
 .ARM.attributes
                0x000004ef       0x34 ./Middlewares/Third_Party/FatFs/src/ff.o
 .ARM.attributes
                0x00000523       0x34 ./Middlewares/Third_Party/FatFs/src/ff_gen_drv.o
 .ARM.attributes
                0x00000557       0x34 ./Middlewares/Third_Party/FatFs/src/option/ccsbcs.o
 .ARM.attributes
                0x0000058b       0x34 C:/ST/STM32CubeIDE_2.1.1/STM32CubeIDE/plugins/com.st.stm32cube.ide.mcu.externaltools.gnu-tools-for-stm32.14.3.rel1.win32_1.0.100.202602081740/tools/bin/../lib/gcc/arm-none-eabi/14.3.1/../../../../arm-none-eabi/lib/thumb/v7e-m+fp/hard\libc_nano.a(libc_a-ctype_.o)
 .ARM.attributes
                0x000005bf       0x34 C:/ST/STM32CubeIDE_2.1.1/STM32CubeIDE/plugins/com.st.stm32cube.ide.mcu.externaltools.gnu-tools-for-stm32.14.3.rel1.win32_1.0.100.202602081740/tools/bin/../lib/gcc/arm-none-eabi/14.3.1/../../../../arm-none-eabi/lib/thumb/v7e-m+fp/hard\libc_nano.a(libc_a-findfp.o)
 .ARM.attributes
                0x000005f3       0x34 C:/ST/STM32CubeIDE_2.1.1/STM32CubeIDE/plugins/com.st.stm32cube.ide.mcu.externaltools.gnu-tools-for-stm32.14.3.rel1.win32_1.0.100.202602081740/tools/bin/../lib/gcc/arm-none-eabi/14.3.1/../../../../arm-none-eabi/lib/thumb/v7e-m+fp/hard\libc_nano.a(libc_a-fwalk.o)
 .ARM.attributes
                0x00000627       0x34 C:/ST/STM32CubeIDE_2.1.1/STM32CubeIDE/plugins/com.st.stm32cube.ide.mcu.externaltools.gnu-tools-for-stm32.14.3.rel1.win32_1.0.100.202602081740/tools/bin/../lib/gcc/arm-none-eabi/14.3.1/../../../../arm-none-eabi/lib/thumb/v7e-m+fp/hard\libc_nano.a(libc_a-printf.o)
 .ARM.attributes
                0x0000065b       0x34 C:/ST/STM32CubeIDE_2.1.1/STM32CubeIDE/plugins/com.st.stm32cube.ide.mcu.externaltools.gnu-tools-for-stm32.14.3.rel1.win32_1.0.100.202602081740/tools/bin/../lib/gcc/arm-none-eabi/14.3.1/../../../../arm-none-eabi/lib/thumb/v7e-m+fp/hard\libc_nano.a(libc_a-puts.o)
 .ARM.attributes
                0x0000068f       0x34 C:/ST/STM32CubeIDE_2.1.1/STM32CubeIDE/plugins/com.st.stm32cube.ide.mcu.externaltools.gnu-tools-for-stm32.14.3.rel1.win32_1.0.100.202602081740/tools/bin/../lib/gcc/arm-none-eabi/14.3.1/../../../../arm-none-eabi/lib/thumb/v7e-m+fp/hard\libc_nano.a(libc_a-stdio.o)
 .ARM.attributes
                0x000006c3       0x34 C:/ST/STM32CubeIDE_2.1.1/STM32CubeIDE/plugins/com.st.stm32cube.ide.mcu.externaltools.gnu-tools-for-stm32.14.3.rel1.win32_1.0.100.202602081740/tools/bin/../lib/gcc/arm-none-eabi/14.3.1/../../../../arm-none-eabi/lib/thumb/v7e-m+fp/hard\libc_nano.a(libc_a-wbuf.o)
 .ARM.attributes
                0x000006f7       0x34 C:/ST/STM32CubeIDE_2.1.1/STM32CubeIDE/plugins/com.st.stm32cube.ide.mcu.externaltools.gnu-tools-for-stm32.14.3.rel1.win32_1.0.100.202602081740/tools/bin/../lib/gcc/arm-none-eabi/14.3.1/../../../../arm-none-eabi/lib/thumb/v7e-m+fp/hard\libc_nano.a(libc_a-wsetup.o)
 .ARM.attributes
                0x0000072b       0x34 C:/ST/STM32CubeIDE_2.1.1/STM32CubeIDE/plugins/com.st.stm32cube.ide.mcu.externaltools.gnu-tools-for-stm32.14.3.rel1.win32_1.0.100.202602081740/tools/bin/../lib/gcc/arm-none-eabi/14.3.1/../../../../arm-none-eabi/lib/thumb/v7e-m+fp/hard\libc_nano.a(libc_a-memcmp.o)
 .ARM.attributes
                0x0000075f       0x34 C:/ST/STM32CubeIDE_2.1.1/STM32CubeIDE/plugins/com.st.stm32cube.ide.mcu.externaltools.gnu-tools-for-stm32.14.3.rel1.win32_1.0.100.202602081740/tools/bin/../lib/gcc/arm-none-eabi/14.3.1/../../../../arm-none-eabi/lib/thumb/v7e-m+fp/hard\libc_nano.a(libc_a-memset.o)
 .ARM.attributes
                0x00000793       0x34 C:/ST/STM32CubeIDE_2.1.1/STM32CubeIDE/plugins/com.st.stm32cube.ide.mcu.externaltools.gnu-tools-for-stm32.14.3.rel1.win32_1.0.100.202602081740/tools/bin/../lib/gcc/arm-none-eabi/14.3.1/../../../../arm-none-eabi/lib/thumb/v7e-m+fp/hard\libc_nano.a(libc_a-strcat.o)
 .ARM.attributes
                0x000007c7       0x34 C:/ST/STM32CubeIDE_2.1.1/STM32CubeIDE/plugins/com.st.stm32cube.ide.mcu.externaltools.gnu-tools-for-stm32.14.3.rel1.win32_1.0.100.202602081740/tools/bin/../lib/gcc/arm-none-eabi/14.3.1/../../../../arm-none-eabi/lib/thumb/v7e-m+fp/hard\libc_nano.a(libc_a-strrchr.o)
 .ARM.attributes
                0x000007fb       0x34 C:/ST/STM32CubeIDE_2.1.1/STM32CubeIDE/plugins/com.st.stm32cube.ide.mcu.externaltools.gnu-tools-for-stm32.14.3.rel1.win32_1.0.100.202602081740/tools/bin/../lib/gcc/arm-none-eabi/14.3.1/../../../../arm-none-eabi/lib/thumb/v7e-m+fp/hard\libc_nano.a(libc_a-closer.o)
 .ARM.attributes
                0x0000082f       0x34 C:/ST/STM32CubeIDE_2.1.1/STM32CubeIDE/plugins/com.st.stm32cube.ide.mcu.externaltools.gnu-tools-for-stm32.14.3.rel1.win32_1.0.100.202602081740/tools/bin/../lib/gcc/arm-none-eabi/14.3.1/../../../../arm-none-eabi/lib/thumb/v7e-m+fp/hard\libc_nano.a(libc_a-reent.o)
 .ARM.attributes
                0x00000863       0x34 C:/ST/STM32CubeIDE_2.1.1/STM32CubeIDE/plugins/com.st.stm32cube.ide.mcu.externaltools.gnu-tools-for-stm32.14.3.rel1.win32_1.0.100.202602081740/tools/bin/../lib/gcc/arm-none-eabi/14.3.1/../../../../arm-none-eabi/lib/thumb/v7e-m+fp/hard\libc_nano.a(libc_a-impure.o)
 .ARM.attributes
                0x00000897       0x34 C:/ST/STM32CubeIDE_2.1.1/STM32CubeIDE/plugins/com.st.stm32cube.ide.mcu.externaltools.gnu-tools-for-stm32.14.3.rel1.win32_1.0.100.202602081740/tools/bin/../lib/gcc/arm-none-eabi/14.3.1/../../../../arm-none-eabi/lib/thumb/v7e-m+fp/hard\libc_nano.a(libc_a-lseekr.o)
 .ARM.attributes
                0x000008cb       0x34 C:/ST/STM32CubeIDE_2.1.1/STM32CubeIDE/plugins/com.st.stm32cube.ide.mcu.externaltools.gnu-tools-for-stm32.14.3.rel1.win32_1.0.100.202602081740/tools/bin/../lib/gcc/arm-none-eabi/14.3.1/../../../../arm-none-eabi/lib/thumb/v7e-m+fp/hard\libc_nano.a(libc_a-readr.o)
 .ARM.attributes
                0x000008ff       0x34 C:/ST/STM32CubeIDE_2.1.1/STM32CubeIDE/plugins/com.st.stm32cube.ide.mcu.externaltools.gnu-tools-for-stm32.14.3.rel1.win32_1.0.100.202602081740/tools/bin/../lib/gcc/arm-none-eabi/14.3.1/../../../../arm-none-eabi/lib/thumb/v7e-m+fp/hard\libc_nano.a(libc_a-writer.o)
 .ARM.attributes
                0x00000933       0x34 C:/ST/STM32CubeIDE_2.1.1/STM32CubeIDE/plugins/com.st.stm32cube.ide.mcu.externaltools.gnu-tools-for-stm32.14.3.rel1.win32_1.0.100.202602081740/tools/bin/../lib/gcc/arm-none-eabi/14.3.1/../../../../arm-none-eabi/lib/thumb/v7e-m+fp/hard\libc_nano.a(libc_a-errno.o)
 .ARM.attributes
                0x00000967       0x34 C:/ST/STM32CubeIDE_2.1.1/STM32CubeIDE/plugins/com.st.stm32cube.ide.mcu.externaltools.gnu-tools-for-stm32.14.3.rel1.win32_1.0.100.202602081740/tools/bin/../lib/gcc/arm-none-eabi/14.3.1/../../../../arm-none-eabi/lib/thumb/v7e-m+fp/hard\libc_nano.a(libc_a-init.o)
 .ARM.attributes
                0x0000099b       0x34 C:/ST/STM32CubeIDE_2.1.1/STM32CubeIDE/plugins/com.st.stm32cube.ide.mcu.externaltools.gnu-tools-for-stm32.14.3.rel1.win32_1.0.100.202602081740/tools/bin/../lib/gcc/arm-none-eabi/14.3.1/../../../../arm-none-eabi/lib/thumb/v7e-m+fp/hard\libc_nano.a(libc_a-lock.o)
 .ARM.attributes
                0x000009cf       0x34 C:/ST/STM32CubeIDE_2.1.1/STM32CubeIDE/plugins/com.st.stm32cube.ide.mcu.externaltools.gnu-tools-for-stm32.14.3.rel1.win32_1.0.100.202602081740/tools/bin/../lib/gcc/arm-none-eabi/14.3.1/../../../../arm-none-eabi/lib/thumb/v7e-m+fp/hard\libc_nano.a(libc_a-freer.o)
 .ARM.attributes
                0x00000a03       0x34 C:/ST/STM32CubeIDE_2.1.1/STM32CubeIDE/plugins/com.st.stm32cube.ide.mcu.externaltools.gnu-tools-for-stm32.14.3.rel1.win32_1.0.100.202602081740/tools/bin/../lib/gcc/arm-none-eabi/14.3.1/../../../../arm-none-eabi/lib/thumb/v7e-m+fp/hard\libc_nano.a(libc_a-mallocr.o)
 .ARM.attributes
                0x00000a37       0x34 C:/ST/STM32CubeIDE_2.1.1/STM32CubeIDE/plugins/com.st.stm32cube.ide.mcu.externaltools.gnu-tools-for-stm32.14.3.rel1.win32_1.0.100.202602081740/tools/bin/../lib/gcc/arm-none-eabi/14.3.1/../../../../arm-none-eabi/lib/thumb/v7e-m+fp/hard\libc_nano.a(libc_a-mlock.o)
 .ARM.attributes
                0x00000a6b       0x34 C:/ST/STM32CubeIDE_2.1.1/STM32CubeIDE/plugins/com.st.stm32cube.ide.mcu.externaltools.gnu-tools-for-stm32.14.3.rel1.win32_1.0.100.202602081740/tools/bin/../lib/gcc/arm-none-eabi/14.3.1/../../../../arm-none-eabi/lib/thumb/v7e-m+fp/hard\libc_nano.a(libc_a-nano-vfprintf.o)
 .ARM.attributes
                0x00000a9f       0x34 C:/ST/STM32CubeIDE_2.1.1/STM32CubeIDE/plugins/com.st.stm32cube.ide.mcu.externaltools.gnu-tools-for-stm32.14.3.rel1.win32_1.0.100.202602081740/tools/bin/../lib/gcc/arm-none-eabi/14.3.1/../../../../arm-none-eabi/lib/thumb/v7e-m+fp/hard\libc_nano.a(libc_a-nano-vfprintf_i.o)
 .ARM.attributes
                0x00000ad3       0x34 C:/ST/STM32CubeIDE_2.1.1/STM32CubeIDE/plugins/com.st.stm32cube.ide.mcu.externaltools.gnu-tools-for-stm32.14.3.rel1.win32_1.0.100.202602081740/tools/bin/../lib/gcc/arm-none-eabi/14.3.1/../../../../arm-none-eabi/lib/thumb/v7e-m+fp/hard\libc_nano.a(libc_a-fflush.o)
 .ARM.attributes
                0x00000b07       0x34 C:/ST/STM32CubeIDE_2.1.1/STM32CubeIDE/plugins/com.st.stm32cube.ide.mcu.externaltools.gnu-tools-for-stm32.14.3.rel1.win32_1.0.100.202602081740/tools/bin/../lib/gcc/arm-none-eabi/14.3.1/../../../../arm-none-eabi/lib/thumb/v7e-m+fp/hard\libc_nano.a(libc_a-makebuf.o)
 .ARM.attributes
                0x00000b3b       0x34 C:/ST/STM32CubeIDE_2.1.1/STM32CubeIDE/plugins/com.st.stm32cube.ide.mcu.externaltools.gnu-tools-for-stm32.14.3.rel1.win32_1.0.100.202602081740/tools/bin/../lib/gcc/arm-none-eabi/14.3.1/../../../../arm-none-eabi/lib/thumb/v7e-m+fp/hard\libc_nano.a(libc_a-strchr.o)
 .ARM.attributes
                0x00000b6f       0x34 C:/ST/STM32CubeIDE_2.1.1/STM32CubeIDE/plugins/com.st.stm32cube.ide.mcu.externaltools.gnu-tools-for-stm32.14.3.rel1.win32_1.0.100.202602081740/tools/bin/../lib/gcc/arm-none-eabi/14.3.1/../../../../arm-none-eabi/lib/thumb/v7e-m+fp/hard\libc_nano.a(libc_a-fstatr.o)
 .ARM.attributes
                0x00000ba3       0x34 C:/ST/STM32CubeIDE_2.1.1/STM32CubeIDE/plugins/com.st.stm32cube.ide.mcu.externaltools.gnu-tools-for-stm32.14.3.rel1.win32_1.0.100.202602081740/tools/bin/../lib/gcc/arm-none-eabi/14.3.1/../../../../arm-none-eabi/lib/thumb/v7e-m+fp/hard\libc_nano.a(libc_a-isattyr.o)
 .ARM.attributes
                0x00000bd7       0x34 C:/ST/STM32CubeIDE_2.1.1/STM32CubeIDE/plugins/com.st.stm32cube.ide.mcu.externaltools.gnu-tools-for-stm32.14.3.rel1.win32_1.0.100.202602081740/tools/bin/../lib/gcc/arm-none-eabi/14.3.1/../../../../arm-none-eabi/lib/thumb/v7e-m+fp/hard\libc_nano.a(libc_a-sbrkr.o)
 .ARM.attributes
                0x00000c0b       0x1c C:/ST/STM32CubeIDE_2.1.1/STM32CubeIDE/plugins/com.st.stm32cube.ide.mcu.externaltools.gnu-tools-for-stm32.14.3.rel1.win32_1.0.100.202602081740/tools/bin/../lib/gcc/arm-none-eabi/14.3.1/../../../../arm-none-eabi/lib/thumb/v7e-m+fp/hard\libc_nano.a(libc_a-memchr.o)
 .ARM.attributes
                0x00000c27       0x22 C:/ST/STM32CubeIDE_2.1.1/STM32CubeIDE/plugins/com.st.stm32cube.ide.mcu.externaltools.gnu-tools-for-stm32.14.3.rel1.win32_1.0.100.202602081740/tools/bin/../lib/gcc/arm-none-eabi/14.3.1/thumb/v7e-m+fp/hard\libgcc.a(_aeabi_ldivmod.o)
 .ARM.attributes
                0x00000c49       0x22 C:/ST/STM32CubeIDE_2.1.1/STM32CubeIDE/plugins/com.st.stm32cube.ide.mcu.externaltools.gnu-tools-for-stm32.14.3.rel1.win32_1.0.100.202602081740/tools/bin/../lib/gcc/arm-none-eabi/14.3.1/thumb/v7e-m+fp/hard\libgcc.a(_aeabi_uldivmod.o)
 .ARM.attributes
                0x00000c6b       0x34 C:/ST/STM32CubeIDE_2.1.1/STM32CubeIDE/plugins/com.st.stm32cube.ide.mcu.externaltools.gnu-tools-for-stm32.14.3.rel1.win32_1.0.100.202602081740/tools/bin/../lib/gcc/arm-none-eabi/14.3.1/thumb/v7e-m+fp/hard\libgcc.a(_udivmoddi4.o)
 .ARM.attributes
                0x00000c9f       0x22 C:/ST/STM32CubeIDE_2.1.1/STM32CubeIDE/plugins/com.st.stm32cube.ide.mcu.externaltools.gnu-tools-for-stm32.14.3.rel1.win32_1.0.100.202602081740/tools/bin/../lib/gcc/arm-none-eabi/14.3.1/thumb/v7e-m+fp/hard\libgcc.a(_dvmd_tls.o)
 .ARM.attributes
                0x00000cc1       0x22 C:/ST/STM32CubeIDE_2.1.1/STM32CubeIDE/plugins/com.st.stm32cube.ide.mcu.externaltools.gnu-tools-for-stm32.14.3.rel1.win32_1.0.100.202602081740/tools/bin/../lib/gcc/arm-none-eabi/14.3.1/thumb/v7e-m+fp/hard/crtn.o
OUTPUT(nucleo_f410rb_read_many_wavs.elf elf32-littlearm)
LOAD linker stubs
LOAD C:/ST/STM32CubeIDE_2.1.1/STM32CubeIDE/plugins/com.st.stm32cube.ide.mcu.externaltools.gnu-tools-for-stm32.14.3.rel1.win32_1.0.100.202602081740/tools/bin/../lib/gcc/arm-none-eabi/14.3.1/../../../../arm-none-eabi/lib/thumb/v7e-m+fp/hard\libc.a
LOAD C:/ST/STM32CubeIDE_2.1.1/STM32CubeIDE/plugins/com.st.stm32cube.ide.mcu.externaltools.gnu-tools-for-stm32.14.3.rel1.win32_1.0.100.202602081740/tools/bin/../lib/gcc/arm-none-eabi/14.3.1/../../../../arm-none-eabi/lib/thumb/v7e-m+fp/hard\libm.a
LOAD C:/ST/STM32CubeIDE_2.1.1/STM32CubeIDE/plugins/com.st.stm32cube.ide.mcu.externaltools.gnu-tools-for-stm32.14.3.rel1.win32_1.0.100.202602081740/tools/bin/../lib/gcc/arm-none-eabi/14.3.1/thumb/v7e-m+fp/hard\libgcc.a

.debug_info     0x00000000    0x15306
 .debug_info    0x00000000     0x22eb ./Core/Src/main.o
 .debug_info    0x000022eb      0x3c8 ./Core/Src/sd_diskio_spi.o
 .debug_info    0x000026b3      0xd78 ./Core/Src/sd_functions.o
 .debug_info    0x0000342b      0xbc1 ./Core/Src/sd_spi.o
 .debug_info    0x00003fec      0x530 ./Core/Src/sd_wav.o
 .debug_info    0x0000451c     0x1079 ./Core/Src/stm32f4xx_hal_msp.o
 .debug_info    0x00005595      0x40b ./Core/Src/stm32f4xx_it.o
 .debug_info    0x000059a0      0x6a3 ./Core/Src/syscalls.o
 .debug_info    0x00006043      0x168 ./Core/Src/sysmem.o
 .debug_info    0x000061ab      0x4f8 ./Core/Src/system_stm32f4xx.o
 .debug_info    0x000066a3       0x30 ./Core/Startup/startup_stm32f410rbtx.o
 .debug_info    0x000066d3      0x872 ./Drivers/STM32F4xx_HAL_Driver/Src/stm32f4xx_hal.o
 .debug_info    0x00006f45      0xcde ./Drivers/STM32F4xx_HAL_Driver/Src/stm32f4xx_hal_cortex.o
 .debug_info    0x00007c23      0x8e6 ./Drivers/STM32F4xx_HAL_Driver/Src/stm32f4xx_hal_dma.o