10:29:47 **** Incremental Build of configuration Debug for project nucleo_f410rb_read_many_wavs ****
make -j16 all 
arm-none-eabi-gcc "../Core/Src/main.c" -mcpu=cortex-m4 -std=gnu11 -g3 -DDEBUG -DUSE_HAL_DRIVER -DSTM32F410Rx -c -I../FATFS/Target -I../FATFS/App -I../Core/Inc -I../Drivers/STM32F4xx_HAL_Driver/Inc -I../Drivers/STM32F4xx_HAL_Driver/Inc/Legacy -I../Middlewares/Third_Party/FatFs/src -I../Drivers/CMSIS/Device/ST/STM32F4xx/Include -I../Drivers/CMSIS/Include -O0 -ffunction-sections -fdata-sections -Wall -fstack-usage -fcyclomatic-complexity -MMD -MP -MF"Core/Src/main.d" -MT"Core/Src/main.o" --specs=nano.specs -mfpu=fpv4-sp-d16 -mfloat-abi=hard -mthumb -o "Core/Src/main.o"
arm-none-eabi-gcc -o "nucleo_f410rb_read_many_wavs.elf" @"objects.list"   -mcpu=cortex-m4 -T"D:\Documents\Oxford\Year 3\Summer Internship Stuff\Workspace_9_Read_Many_WAVs\nucleo_f410rb_read_many_wavs\STM32F410RBTX_FLASH.ld" --specs=nosys.specs -Wl,-Map="nucleo_f410rb_read_many_wavs.map" -Wl,--gc-sections -static --specs=nano.specs -mfpu=fpv4-sp-d16 -mfloat-abi=hard -mthumb -Wl,--start-group -lc -lm -Wl,--end-group
Finished building target: nucleo_f410rb_read_many_wavs.elf
 
arm-none-eabi-size  nucleo_f410rb_read_many_wavs.elf 
arm-none-eabi-objdump -h -S nucleo_f410rb_read_many_wavs.elf  > "nucleo_f410rb_read_many_wavs.list"
   text	   data	    bss	    dec	    hex	filename
  47628	    108	  29412	  77148	  12d5c	nucleo_f410rb_read_many_wavs.elf
Finished building: default.size.stdout
 
Finished building: nucleo_f410rb_read_many_wavs.list
 
10:29:51 **** Incremental Build of configuration Debug for project nucleo_f410rb_read_many_wavs ****
make -j16 all 
arm-none-eabi-size  nucleo_f410rb_read_many_wavs.elf 
   text	   data	    bss	    dec	    hex	filename
  47628	    108	  29412	  77148	  12d5c	nucleo_f410rb_read_many_wavs.elf
Finished building: default.size.stdout
 
